 FunctionOverloadingLecture

 Timestamp is 63c06040 (Thu Jan 12 14:32:16 2023)

 Preferred load address is 0000000140000000

 Start         Length     Name                   Class
 0001:00000000 00010000H .textbss                DATA
 0002:00000000 00005f20H .text$mn                CODE
 0002:00005f20 00001040H .text$mn$00             CODE
 0002:00006f60 000010bfH .text$x                 CODE
 0003:00000000 00000110H .CRT$XCA                DATA
 0003:00000110 00000110H .CRT$XCAA               DATA
 0003:00000220 00000110H .CRT$XCZ                DATA
 0003:00000330 00000110H .CRT$XIA                DATA
 0003:00000440 00000110H .CRT$XIAA               DATA
 0003:00000550 00000110H .CRT$XIAC               DATA
 0003:00000660 00000110H .CRT$XIZ                DATA
 0003:00000770 00000110H .CRT$XPA                DATA
 0003:00000880 00000110H .CRT$XPZ                DATA
 0003:00000990 00000110H .CRT$XTA                DATA
 0003:00000aa0 00000110H .CRT$XTZ                DATA
 0003:00000bb0 00000e50H .rdata                  DATA
 0003:00001a00 00000200H .rdata$CastGuardVftablesA DATA
 0003:00001c00 0000019cH .rdata$CastGuardVftablesC DATA
 0003:00001d9c 000001c4H .rdata$zzzdbg           DATA
 0003:00001f60 00000110H .rtc$IAA                DATA
 0003:00002070 00000120H .rtc$IMZ                DATA
 0003:00002190 00000110H .rtc$IZZ                DATA
 0003:000022a0 00000110H .rtc$TAA                DATA
 0003:000023b0 00000120H .rtc$TMZ                DATA
 0003:000024d0 00000110H .rtc$TZZ                DATA
 0003:000025e0 00000890H .xdata                  DATA
 0003:00002e70 00000000H .edata                  DATA
 0004:00000000 00000180H .data                   DATA
 0004:00000180 00000780H .bss                    DATA
 0005:00000000 00002178H .pdata                  DATA
 0006:00000000 00000428H .idata$5                DATA
 0006:00000428 00000050H .idata$2                DATA
 0006:00000478 00000018H .idata$3                DATA
 0006:00000490 00000428H .idata$4                DATA
 0006:000008b8 00000944H .idata$6                DATA
 0007:00000000 000001faH .msvcjmc                DATA
 0008:00000000 00000175H .00cfg                  DATA
 0009:00000000 00000170H .rsrc$01                DATA
 0009:00000170 000002ccH .rsrc$02                DATA

  Address         Publics by Value              Rva+Base               Lib:Object

 0000:00000000       __AbsoluteZero             0000000000000000     <absolute>
 0000:00000000       ___safe_se_handler_count   0000000000000000     <absolute>
 0000:00000000       ___safe_se_handler_table   0000000000000000     <absolute>
 0000:00000000       __arm64x_extra_rfe_table   0000000000000000     <absolute>
 0000:00000000       __arm64x_extra_rfe_table_size 0000000000000000     <absolute>
 0000:00000000       __arm64x_native_entrypoint 0000000000000000     <absolute>
 0000:00000000       __arm64x_redirection_metadata 0000000000000000     <absolute>
 0000:00000000       __arm64x_redirection_metadata_count 0000000000000000     <absolute>
 0000:00000000       __dynamic_value_reloc_table 0000000000000000     <absolute>
 0000:00000000       __enclave_config           0000000000000000     <absolute>
 0000:00000000       __guard_check_icall_a64n_fptr 0000000000000000     <absolute>
 0000:00000000       __guard_eh_cont_count      0000000000000000     <absolute>
 0000:00000000       __guard_eh_cont_table      0000000000000000     <absolute>
 0000:00000000       __guard_fids_count         0000000000000000     <absolute>
 0000:00000000       __guard_fids_table         0000000000000000     <absolute>
 0000:00000000       __guard_iat_count          0000000000000000     <absolute>
 0000:00000000       __guard_iat_table          0000000000000000     <absolute>
 0000:00000000       __guard_longjmp_count      0000000000000000     <absolute>
 0000:00000000       __guard_longjmp_table      0000000000000000     <absolute>
 0000:00000000       __hybrid_auxiliary_iat     0000000000000000     <absolute>
 0000:00000000       __hybrid_auxiliary_iat_copy 0000000000000000     <absolute>
 0000:00000000       __hybrid_code_map          0000000000000000     <absolute>
 0000:00000000       __hybrid_code_map_count    0000000000000000     <absolute>
 0000:00000000       __volatile_metadata        0000000000000000     <absolute>
 0000:00000000       __x64_code_ranges_to_entry_points 0000000000000000     <absolute>
 0000:00000000       __x64_code_ranges_to_entry_points_count 0000000000000000     <absolute>
 0000:00000100       __guard_flags              0000000000000100     <absolute>
 0000:00000000       __ImageBase                0000000140000000     <linker-defined>
 0001:00000000       __enc$textbss$begin        0000000140001000     <linker-defined>
 0001:00010000       __enc$textbss$end          0000000140011000     <linker-defined>
 0002:000007e0       ??$endl@DU?$char_traits@D@std@@@std@@YAAEAV?$basic_ostream@DU?$char_traits@D@std@@@0@AEAV10@@Z 00000001400117e0 f i Imp.obj
 0002:00000870       ?Add@@YAHHH@Z              0000000140011870 f   Imp.obj
 0002:000008c0       ?Add@@YANNN@Z              00000001400118c0 f   Imp.obj
 0002:00000910       ?Print@@YAXPEBH@Z          0000000140011910 f   Imp.obj
 0002:00000950       ?__empty_global_delete@@YAXPEAX@Z 0000000140011950 f i Imp.obj
 0002:00000990       ?__empty_global_delete@@YAXPEAX_K@Z 0000000140011990 f i Imp.obj
 0002:000009d0       Print                      00000001400119d0 f   Imp.obj
 0002:00000a40       __JustMyCode_Default       0000000140011a40 f i Imp.obj
 0002:00000a50       main                       0000000140011a50 f   Source.obj
 0002:00000b74       ?widen@?$basic_ios@DU?$char_traits@D@std@@@std@@QEBADD@Z 0000000140011b74 f   msvcprtd:MSVCP140D.dll
 0002:00000b7a       ??6?$basic_ostream@DU?$char_traits@D@std@@@std@@QEAAAEAV01@P6AAEAV01@AEAV01@@Z@Z 0000000140011b7a f   msvcprtd:MSVCP140D.dll
 0002:00000b80       ??6?$basic_ostream@DU?$char_traits@D@std@@@std@@QEAAAEAV01@H@Z 0000000140011b80 f   msvcprtd:MSVCP140D.dll
 0002:00000b86       ?put@?$basic_ostream@DU?$char_traits@D@std@@@std@@QEAAAEAV12@D@Z 0000000140011b86 f   msvcprtd:MSVCP140D.dll
 0002:00000b8c       ?flush@?$basic_ostream@DU?$char_traits@D@std@@@std@@QEAAAEAV12@XZ 0000000140011b8c f   msvcprtd:MSVCP140D.dll
 0002:00000b92       ??6?$basic_ostream@DU?$char_traits@D@std@@@std@@QEAAAEAV01@N@Z 0000000140011b92 f   msvcprtd:MSVCP140D.dll
 0002:00000ba0       _CRT_RTC_INIT              0000000140011ba0 f   MSVCRTD:init.obj
 0002:00000bb0       _CRT_RTC_INITW             0000000140011bb0 f   MSVCRTD:init.obj
 0002:00000bc0       _RTC_InitBase              0000000140011bc0 f   MSVCRTD:init.obj
 0002:00000c10       _RTC_Shutdown              0000000140011c10 f   MSVCRTD:init.obj
 0002:00000c40       __CheckForDebuggerJustMyCode 0000000140011c40 f   MSVCRTD:debugger_jmc.obj
 0002:00000c90       _RTC_AllocaHelper          0000000140011c90 f   MSVCRTD:stack.obj
 0002:00000ce0       _RTC_CheckStackVars        0000000140011ce0 f   MSVCRTD:stack.obj
 0002:00000d90       _RTC_CheckStackVars2       0000000140011d90 f   MSVCRTD:stack.obj
 0002:00000ee0       __GSHandlerCheck           0000000140011ee0 f   MSVCRTD:gshandler.obj
 0002:00000f30       __GSHandlerCheckCommon     0000000140011f30 f   MSVCRTD:gshandler.obj
 0002:00001080       __security_check_cookie    0000000140012080 f   MSVCRTD:amdsecgs.obj
 0002:00001400       ?configure_argv@__scrt_narrow_argv_policy@@SAHXZ 0000000140012400 f i MSVCRTD:exe_main.obj
 0002:00001420       ?initialize_environment@__scrt_narrow_environment_policy@@SAHXZ 0000000140012420 f i MSVCRTD:exe_main.obj
 0002:00001490       ?set_app_type@__scrt_main_policy@@SAXXZ 0000000140012490 f i MSVCRTD:exe_main.obj
 0002:000014b0       ?set_commode@__scrt_file_policy@@SAXXZ 00000001400124b0 f i MSVCRTD:exe_main.obj
 0002:000014e0       ?set_fmode@__scrt_file_policy@@SAXXZ 00000001400124e0 f i MSVCRTD:exe_main.obj
 0002:00001500       mainCRTStartup             0000000140012500 f   MSVCRTD:exe_main.obj
 0002:00001520       ?_RTC_GetErrorFunc@@YAP6AHHPEBDH00ZZPEBX@Z 0000000140012520 f   MSVCRTD:userapi.obj
 0002:00001530       ?_RTC_GetErrorFuncW@@YAP6AHHPEB_WH00ZZPEBX@Z 0000000140012530 f   MSVCRTD:userapi.obj
 0002:00001540       _RTC_GetErrDesc            0000000140012540 f   MSVCRTD:userapi.obj
 0002:00001560       _RTC_NumErrors             0000000140012560 f   MSVCRTD:userapi.obj
 0002:00001570       _RTC_SetErrorFunc          0000000140012570 f   MSVCRTD:userapi.obj
 0002:00001590       _RTC_SetErrorFuncW         0000000140012590 f   MSVCRTD:userapi.obj
 0002:000015b0       _RTC_SetErrorType          00000001400125b0 f   MSVCRTD:userapi.obj
 0002:00001690       ?_RTC_AllocaFailure@@YAXPEAXPEAU_RTC_ALLOCA_NODE@@H@Z 0000000140012690 f   MSVCRTD:error.obj
 0002:00001840       ?_RTC_Failure@@YAXPEAXH@Z  0000000140012840 f   MSVCRTD:error.obj
 0002:000018b0       ?_RTC_StackFailure@@YAXPEAXPEBD@Z 00000001400128b0 f   MSVCRTD:error.obj
 0002:00001df0       _RTC_UninitUse             0000000140012df0 f   MSVCRTD:error.obj
 0002:00001ef0       __local_stdio_printf_options 0000000140012ef0 f i MSVCRTD:error.obj
 0002:00001f00       _vsprintf_s_l              0000000140012f00 f i MSVCRTD:error.obj
 0002:00001f80       sprintf_s                  0000000140012f80 f i MSVCRTD:error.obj
 0002:00001fb0       __raise_securityfailure    0000000140012fb0 f   MSVCRTD:gs_report.obj
 0002:00002000       __report_gsfailure         0000000140013000 f   MSVCRTD:gs_report.obj
 0002:00002110       __report_rangecheckfailure 0000000140013110 f   MSVCRTD:gs_report.obj
 0002:00002130       __report_securityfailure   0000000140013130 f   MSVCRTD:gs_report.obj
 0002:00002200       __report_securityfailureEx 0000000140013200 f   MSVCRTD:gs_report.obj
 0002:000026b0       NtCurrentTeb               00000001400136b0 f i MSVCRTD:utility.obj
 0002:000026c0       __scrt_acquire_startup_lock 00000001400136c0 f   MSVCRTD:utility.obj
 0002:00002740       __scrt_dllmain_after_initialize_c 0000000140013740 f   MSVCRTD:utility.obj
 0002:00002780       __scrt_dllmain_before_initialize_c 0000000140013780 f   MSVCRTD:utility.obj
 0002:000027b0       __scrt_dllmain_crt_thread_attach 00000001400137b0 f   MSVCRTD:utility.obj
 0002:000027f0       __scrt_dllmain_crt_thread_detach 00000001400137f0 f   MSVCRTD:utility.obj
 0002:00002810       __scrt_dllmain_exception_filter 0000000140013810 f   MSVCRTD:utility.obj
 0002:00002890       __scrt_dllmain_uninitialize_c 0000000140013890 f   MSVCRTD:utility.obj
 0002:000028d0       __scrt_dllmain_uninitialize_critical 00000001400138d0 f   MSVCRTD:utility.obj
 0002:000028f0       __scrt_initialize_crt      00000001400138f0 f   MSVCRTD:utility.obj
 0002:00002950       __scrt_initialize_onexit_tables 0000000140013950 f   MSVCRTD:utility.obj
 0002:00002aa0       __scrt_is_nonwritable_in_current_image 0000000140013aa0 f   MSVCRTD:utility.obj
 0002:00002b50       __scrt_release_startup_lock 0000000140013b50 f   MSVCRTD:utility.obj
 0002:00002b90       __scrt_uninitialize_crt    0000000140013b90 f   MSVCRTD:utility.obj
 0002:00002be0       _onexit                    0000000140013be0 f   MSVCRTD:utility.obj
 0002:00002c80       at_quick_exit              0000000140013c80 f   MSVCRTD:utility.obj
 0002:00002ce0       atexit                     0000000140013ce0 f   MSVCRTD:utility.obj
 0002:00002e10       __security_init_cookie     0000000140013e10 f   MSVCRTD:gs_support.obj
 0002:00002eb0       _matherr                   0000000140013eb0 f   MSVCRTD:matherr.obj
 0002:00002ec0       _get_startup_argv_mode     0000000140013ec0 f   MSVCRTD:argv_mode.obj
 0002:00002ed0       _get_startup_commit_mode   0000000140013ed0 f   MSVCRTD:commit_mode.obj
 0002:00002ee0       _get_startup_file_mode     0000000140013ee0 f   MSVCRTD:file_mode.obj
 0002:00002ef0       _get_startup_new_mode      0000000140013ef0 f   MSVCRTD:new_mode.obj
 0002:00002f00       _get_startup_thread_locale_mode 0000000140013f00 f   MSVCRTD:thread_locale.obj
 0002:00002f10       ?__scrt_initialize_type_info@@YAXXZ 0000000140013f10 f   MSVCRTD:tncleanup.obj
 0002:00002f30       ?__scrt_uninitialize_type_info@@YAXXZ 0000000140013f30 f   MSVCRTD:tncleanup.obj
 0002:00002f50       _should_initialize_environment 0000000140013f50 f   MSVCRTD:env_mode.obj
 0002:00002f60       _initialize_invalid_parameter_handler 0000000140013f60 f   MSVCRTD:invalid_parameter_handler.obj
 0002:00002f70       _initialize_denormal_control 0000000140013f70 f   MSVCRTD:denormal_control.obj
 0002:00002f80       __local_stdio_scanf_options 0000000140013f80 f i MSVCRTD:default_local_stdio_options.obj
 0002:00002f90       __scrt_initialize_default_local_stdio_options 0000000140013f90 f   MSVCRTD:default_local_stdio_options.obj
 0002:00002ff0       __scrt_is_user_matherr_present 0000000140013ff0 f   MSVCRTD:matherr_detection.obj
 0002:00003020       __scrt_get_dyn_tls_init_callback 0000000140014020 f   MSVCRTD:dyn_tls_init.obj
 0002:00003030       __scrt_get_dyn_tls_dtor_callback 0000000140014030 f   MSVCRTD:dyn_tls_dtor.obj
 0002:00003040       __crt_debugger_hook        0000000140014040 f   MSVCRTD:utility_desktop.obj
 0002:00003060       __scrt_fastfail            0000000140014060 f   MSVCRTD:utility_desktop.obj
 0002:00003260       __scrt_get_show_window_mode 0000000140014260 f   MSVCRTD:utility_desktop.obj
 0002:000032d0       __scrt_initialize_mta      00000001400142d0 f   MSVCRTD:utility_desktop.obj
 0002:000032f0       __scrt_initialize_winrt    00000001400142f0 f   MSVCRTD:utility_desktop.obj
 0002:00003300       __scrt_is_managed_app      0000000140014300 f   MSVCRTD:utility_desktop.obj
 0002:000033d0       __scrt_set_unhandled_exception_filter 00000001400143d0 f   MSVCRTD:utility_desktop.obj
 0002:000033f0       __scrt_exe_initialize_mta  00000001400143f0 f   MSVCRTD:utility_desktop.obj
 0002:000033f0       __scrt_stub_for_initialize_mta 00000001400143f0 f   MSVCRTD:utility_desktop.obj
 0002:00003400       __scrt_unhandled_exception_filter 0000000140014400 f   MSVCRTD:utility_desktop.obj
 0002:000034c0       _RTC_Initialize            00000001400144c0 f   MSVCRTD:initsect.obj
 0002:00003520       _RTC_Terminate             0000000140014520 f   MSVCRTD:initsect.obj
 0002:00003580       _guard_check_icall_nop     0000000140014580 f i MSVCRTD:guard_support.obj
 0002:00003590       ReadNoFence64              0000000140014590 f i MSVCRTD:guard_support.obj
 0002:000035c0       ReadPointerNoFence         00000001400145c0 f i MSVCRTD:guard_support.obj
 0002:000035e0       __castguard_check_failure_debugbreak 00000001400145e0 f i MSVCRTD:guard_support.obj
 0002:00003610       __castguard_check_failure_fastfail 0000000140014610 f i MSVCRTD:guard_support.obj
 0002:00003640       __castguard_check_failure_nop 0000000140014640 f i MSVCRTD:guard_support.obj
 0002:00003650       __castguard_check_failure_os_handled 0000000140014650 f i MSVCRTD:guard_support.obj
 0002:00003750       __castguard_slow_path_check_debugbreak 0000000140014750 f i MSVCRTD:guard_support.obj
 0002:000037a0       __castguard_slow_path_check_fastfail 00000001400147a0 f i MSVCRTD:guard_support.obj
 0002:00003800       __castguard_slow_path_check_nop 0000000140014800 f i MSVCRTD:guard_support.obj
 0002:00003820       __castguard_slow_path_check_os_handled 0000000140014820 f i MSVCRTD:guard_support.obj
 0002:00003910       _guard_icall_checks_enforced 0000000140014910 f i MSVCRTD:guard_support.obj
 0002:00003960       _guard_rf_checks_enforced  0000000140014960 f i MSVCRTD:guard_support.obj
 0002:00003fe0       ?_RTC_GetSrcLine@@YAHPEAEPEA_WKPEAH1K@Z 0000000140014fe0 f   MSVCRTD:pdblkup.obj
 0002:000044a0       __isa_available_init       00000001400154a0 f   MSVCRTD:cpu_disp.obj
 0002:00004930       __scrt_is_ucrt_dll_in_use  0000000140015930 f   MSVCRTD:ucrt_detection.obj
 0002:00004960       __C_specific_handler       0000000140015960 f   vcruntimed:VCRUNTIME140D.dll
 0002:00004966       __C_specific_handler_noexcept 0000000140015966 f   vcruntimed:VCRUNTIME140D.dll
 0002:0000496c       __std_type_info_destroy_list 000000014001596c f   vcruntimed:VCRUNTIME140D.dll
 0002:00004972       __current_exception        0000000140015972 f   vcruntimed:VCRUNTIME140D.dll
 0002:00004978       __current_exception_context 0000000140015978 f   vcruntimed:VCRUNTIME140D.dll
 0002:0000497e       __vcrt_GetModuleFileNameW  000000014001597e f   vcruntimed:VCRUNTIME140D.dll
 0002:00004984       __vcrt_GetModuleHandleW    0000000140015984 f   vcruntimed:VCRUNTIME140D.dll
 0002:0000498a       __vcrt_LoadLibraryExW      000000014001598a f   vcruntimed:VCRUNTIME140D.dll
 0002:00004990       _CrtDbgReport              0000000140015990 f   ucrtd:ucrtbased.dll
 0002:00004996       _CrtDbgReportW             0000000140015996 f   ucrtd:ucrtbased.dll
 0002:0000499c       _seh_filter_exe            000000014001599c f   ucrtd:ucrtbased.dll
 0002:000049a2       _set_app_type              00000001400159a2 f   ucrtd:ucrtbased.dll
 0002:000049a8       __setusermatherr           00000001400159a8 f   ucrtd:ucrtbased.dll
 0002:000049ae       _configure_narrow_argv     00000001400159ae f   ucrtd:ucrtbased.dll
 0002:000049b4       _initialize_narrow_environment 00000001400159b4 f   ucrtd:ucrtbased.dll
 0002:000049ba       _get_initial_narrow_environment 00000001400159ba f   ucrtd:ucrtbased.dll
 0002:000049c0       _initterm                  00000001400159c0 f   ucrtd:ucrtbased.dll
 0002:000049c6       _initterm_e                00000001400159c6 f   ucrtd:ucrtbased.dll
 0002:000049cc       exit                       00000001400159cc f   ucrtd:ucrtbased.dll
 0002:000049d2       _exit                      00000001400159d2 f   ucrtd:ucrtbased.dll
 0002:000049d8       _set_fmode                 00000001400159d8 f   ucrtd:ucrtbased.dll
 0002:000049de       __p___argc                 00000001400159de f   ucrtd:ucrtbased.dll
 0002:000049e4       __p___argv                 00000001400159e4 f   ucrtd:ucrtbased.dll
 0002:000049ea       _cexit                     00000001400159ea f   ucrtd:ucrtbased.dll
 0002:000049f0       _c_exit                    00000001400159f0 f   ucrtd:ucrtbased.dll
 0002:000049f6       _register_thread_local_exe_atexit_callback 00000001400159f6 f   ucrtd:ucrtbased.dll
 0002:000049fc       _configthreadlocale        00000001400159fc f   ucrtd:ucrtbased.dll
 0002:00004a02       _set_new_mode              0000000140015a02 f   ucrtd:ucrtbased.dll
 0002:00004a08       __p__commode               0000000140015a08 f   ucrtd:ucrtbased.dll
 0002:00004a0e       strcpy_s                   0000000140015a0e f   ucrtd:ucrtbased.dll
 0002:00004a14       strcat_s                   0000000140015a14 f   ucrtd:ucrtbased.dll
 0002:00004a1a       __stdio_common_vsprintf_s  0000000140015a1a f   ucrtd:ucrtbased.dll
 0002:00004a20       _seh_filter_dll            0000000140015a20 f   ucrtd:ucrtbased.dll
 0002:00004a26       _initialize_onexit_table   0000000140015a26 f   ucrtd:ucrtbased.dll
 0002:00004a2c       _register_onexit_function  0000000140015a2c f   ucrtd:ucrtbased.dll
 0002:00004a32       _execute_onexit_table      0000000140015a32 f   ucrtd:ucrtbased.dll
 0002:00004a38       _crt_atexit                0000000140015a38 f   ucrtd:ucrtbased.dll
 0002:00004a3e       _crt_at_quick_exit         0000000140015a3e f   ucrtd:ucrtbased.dll
 0002:00004a44       terminate                  0000000140015a44 f   ucrtd:ucrtbased.dll
 0002:00004a4a       _wmakepath_s               0000000140015a4a f   ucrtd:ucrtbased.dll
 0002:00004a50       _wsplitpath_s              0000000140015a50 f   ucrtd:ucrtbased.dll
 0002:00004a56       wcscpy_s                   0000000140015a56 f   ucrtd:ucrtbased.dll
 0002:00004a5c       GetCurrentThreadId         0000000140015a5c f   kernel32:KERNEL32.dll
 0002:00004a62       IsDebuggerPresent          0000000140015a62 f   kernel32:KERNEL32.dll
 0002:00004a68       RaiseException             0000000140015a68 f   kernel32:KERNEL32.dll
 0002:00004a6e       MultiByteToWideChar        0000000140015a6e f   kernel32:KERNEL32.dll
 0002:00004a74       WideCharToMultiByte        0000000140015a74 f   kernel32:KERNEL32.dll
 0002:00004a7a       RtlCaptureContext          0000000140015a7a f   kernel32:KERNEL32.dll
 0002:00004a80       RtlLookupFunctionEntry     0000000140015a80 f   kernel32:KERNEL32.dll
 0002:00004a86       RtlVirtualUnwind           0000000140015a86 f   kernel32:KERNEL32.dll
 0002:00004a8c       UnhandledExceptionFilter   0000000140015a8c f   kernel32:KERNEL32.dll
 0002:00004a92       SetUnhandledExceptionFilter 0000000140015a92 f   kernel32:KERNEL32.dll
 0002:00004a98       GetCurrentProcess          0000000140015a98 f   kernel32:KERNEL32.dll
 0002:00004a9e       TerminateProcess           0000000140015a9e f   kernel32:KERNEL32.dll
 0002:00004aa4       IsProcessorFeaturePresent  0000000140015aa4 f   kernel32:KERNEL32.dll
 0002:00004aaa       QueryPerformanceCounter    0000000140015aaa f   kernel32:KERNEL32.dll
 0002:00004ab0       GetCurrentProcessId        0000000140015ab0 f   kernel32:KERNEL32.dll
 0002:00004ab6       GetSystemTimeAsFileTime    0000000140015ab6 f   kernel32:KERNEL32.dll
 0002:00004abc       InitializeSListHead        0000000140015abc f   kernel32:KERNEL32.dll
 0002:00004ac2       GetStartupInfoW            0000000140015ac2 f   kernel32:KERNEL32.dll
 0002:00004ac8       GetModuleHandleW           0000000140015ac8 f   kernel32:KERNEL32.dll
 0002:00004ace       GetLastError               0000000140015ace f   kernel32:KERNEL32.dll
 0002:00004ad4       HeapAlloc                  0000000140015ad4 f   kernel32:KERNEL32.dll
 0002:00004ada       HeapFree                   0000000140015ada f   kernel32:KERNEL32.dll
 0002:00004ae0       GetProcessHeap             0000000140015ae0 f   kernel32:KERNEL32.dll
 0002:00004ae6       VirtualQuery               0000000140015ae6 f   kernel32:KERNEL32.dll
 0002:00004aec       FreeLibrary                0000000140015aec f   kernel32:KERNEL32.dll
 0002:00004af2       GetProcAddress             0000000140015af2 f   kernel32:KERNEL32.dll
 0002:00004b00       __acrt_initialize          0000000140015b00 f   MSVCRTD:ucrt_stubs.obj
 0002:00004b00       __scrt_stub_for_acrt_initialize 0000000140015b00 f   MSVCRTD:ucrt_stubs.obj
 0002:00004b00       __vcrt_initialize          0000000140015b00 f   MSVCRTD:ucrt_stubs.obj
 0002:00004b10       __acrt_thread_attach       0000000140015b10 f   MSVCRTD:ucrt_stubs.obj
 0002:00004b10       __scrt_stub_for_acrt_thread_attach 0000000140015b10 f   MSVCRTD:ucrt_stubs.obj
 0002:00004b10       __vcrt_thread_attach       0000000140015b10 f   MSVCRTD:ucrt_stubs.obj
 0002:00004b20       __acrt_thread_detach       0000000140015b20 f   MSVCRTD:ucrt_stubs.obj
 0002:00004b20       __scrt_stub_for_acrt_thread_detach 0000000140015b20 f   MSVCRTD:ucrt_stubs.obj
 0002:00004b20       __vcrt_thread_detach       0000000140015b20 f   MSVCRTD:ucrt_stubs.obj
 0002:00004b30       __acrt_uninitialize        0000000140015b30 f   MSVCRTD:ucrt_stubs.obj
 0002:00004b30       __scrt_stub_for_acrt_uninitialize 0000000140015b30 f   MSVCRTD:ucrt_stubs.obj
 0002:00004b30       __vcrt_uninitialize        0000000140015b30 f   MSVCRTD:ucrt_stubs.obj
 0002:00004b40       __acrt_uninitialize_critical 0000000140015b40 f   MSVCRTD:ucrt_stubs.obj
 0002:00004b40       __scrt_stub_for_acrt_uninitialize_critical 0000000140015b40 f   MSVCRTD:ucrt_stubs.obj
 0002:00004b40       __vcrt_uninitialize_critical 0000000140015b40 f   MSVCRTD:ucrt_stubs.obj
 0002:00004b50       __scrt_stub_for_is_c_termination_complete 0000000140015b50 f   MSVCRTD:ucrt_stubs.obj
 0002:00004b50       _is_c_termination_complete 0000000140015b50 f   MSVCRTD:ucrt_stubs.obj
 0002:00004b53       memcpy                     0000000140015b53 f   vcruntimed:VCRUNTIME140D.dll
 0002:00005f30       _guard_dispatch_icall_nop  0000000140016f30 f   MSVCRTD:guard_dispatch.obj
 0002:00005f50       _guard_xfg_dispatch_icall_nop 0000000140016f50 f   MSVCRTD:guard_xfg_dispatch.obj
 0003:00000000       __xc_a                     000000014001a000     MSVCRTD:initializers.obj
 0003:00000220       __xc_z                     000000014001a220     MSVCRTD:initializers.obj
 0003:00000330       __xi_a                     000000014001a330     MSVCRTD:initializers.obj
 0003:00000660       __xi_z                     000000014001a660     MSVCRTD:initializers.obj
 0003:00000770       __xp_a                     000000014001a770     MSVCRTD:initializers.obj
 0003:00000880       __xp_z                     000000014001a880     MSVCRTD:initializers.obj
 0003:00000990       __xt_a                     000000014001a990     MSVCRTD:initializers.obj
 0003:00000aa0       __xt_z                     000000014001aaa0     MSVCRTD:initializers.obj
 0003:00000c28       __real@4008cccccccccccd    000000014001ac28     Source.obj
 0003:00000c38       __real@4018cccccccccccd    000000014001ac38     Source.obj
 0003:00000c78       ??_C@_0BJ@HEGAHDFO@Stack?5pointer?5corruption@ 000000014001ac78     MSVCRTD:userapi.obj
 0003:00000c98       ??_C@_0CK@FEGOIOPB@Cast?5to?5smaller?5type?5causing?5lo@ 000000014001ac98     MSVCRTD:userapi.obj
 0003:00000cd0       ??_C@_0BI@CIGMDCBH@Stack?5memory?5corruption@ 000000014001acd0     MSVCRTD:userapi.obj
 0003:00000cf0       ??_C@_0CK@CNLNOEPB@Local?5variable?5used?5before?5init@ 000000014001acf0     MSVCRTD:userapi.obj
 0003:00000d28       ??_C@_0BP@OGBCLIBO@Stack?5around?5_alloca?5corrupted@ 000000014001ad28     MSVCRTD:userapi.obj
 0003:00000e30       ??_C@_0NN@JMPELKLB@The?5value?5of?5ESP?5was?5not?5proper@ 000000014001ae30     MSVCRTD:error.obj
 0003:00000f40       ??_C@_0BBN@ELNNILBE@A?5cast?5to?5a?5smaller?5data?5type?5h@ 000000014001af40     MSVCRTD:error.obj
 0003:00001098       ??_C@_0BN@BPOGFMJL@Stack?5memory?5was?5corrupted?$AN?6@ 000000014001b098     MSVCRTD:error.obj
 0003:000010c0       ??_C@_0DG@DAJCDLPN@A?5local?5variable?5was?5used?5befor@ 000000014001b0c0     MSVCRTD:error.obj
 0003:00001100       ??_C@_0CM@JMIDGKLA@Stack?5memory?5around?5_alloca?5was@ 000000014001b100     MSVCRTD:error.obj
 0003:00001138       ??_C@_0BO@CHIONIOI@Unknown?5Runtime?5Check?5Error?$AN?6@ 000000014001b138     MSVCRTD:error.obj
 0003:00001160       ??_C@_1GM@CNOOJIHC@?$AAR?$AAu?$AAn?$AAt?$AAi?$AAm?$AAe?$AA?5?$AAC?$AAh?$AAe?$AAc?$AAk?$AA?5?$AAE@ 000000014001b160     MSVCRTD:error.obj
 0003:000011f0       ??_C@_1EA@NFKNIFJP@?$AAR?$AAu?$AAn?$AA?9?$AAT?$AAi?$AAm?$AAe?$AA?5?$AAC?$AAh?$AAe?$AAc?$AAk?$AA?5@ 000000014001b1f0     MSVCRTD:error.obj
 0003:00001240       ??_C@_0BB@PFFGGCJP@Unknown?5Filename@ 000000014001b240     MSVCRTD:error.obj
 0003:00001258       ??_C@_0BE@GNBOBNCK@Unknown?5Module?5Name@ 000000014001b258     MSVCRTD:error.obj
 0003:00001270       ??_C@_0CA@IODNCDPG@Run?9Time?5Check?5Failure?5?$CD?$CFd?5?9?5?$CFs@ 000000014001b270     MSVCRTD:error.obj
 0003:00001298       ??_C@_0CG@IAFNJNEE@Stack?5corrupted?5near?5unknown?5va@ 000000014001b298     MSVCRTD:error.obj
 0003:000012c8       ??_C@_05MKKEDADM@?$CF?42X?5@ 000000014001b2c8     MSVCRTD:error.obj
 0003:000012d0       ??_C@_0EJ@LJKNEOLN@Stack?5area?5around?5_alloca?5memor@ 000000014001b2d0     MSVCRTD:error.obj
 0003:00001328       ??_C@_01EEMJAFIK@?6@       000000014001b328     MSVCRTD:error.obj
 0003:0000132c       ??_C@_02LLMPMKNF@?$DO?5@   000000014001b32c     MSVCRTD:error.obj
 0003:00001330       ??_C@_08OMAHNMHJ@?6Data?3?5?$DM@ 000000014001b330     MSVCRTD:error.obj
 0003:00001340       ??_C@_0CK@DKGBICFE@?6Allocation?5number?5within?5this?5@ 000000014001b340     MSVCRTD:error.obj
 0003:00001378       ??_C@_07DFDJCKFN@?6Size?3?5@ 000000014001b378     MSVCRTD:error.obj
 0003:00001388       ??_C@_0N@MHFFIMFG@?6Address?3?50x@ 000000014001b388     MSVCRTD:error.obj
 0003:000013a0       ??_C@_0EI@CLEPFNGI@Stack?5area?5around?5_alloca?5memor@ 000000014001b3a0     MSVCRTD:error.obj
 0003:000013f8       ??_C@_0BK@ODNDAGKB@?$CFs?$CFs?$CFp?$CFs?$CFzd?$CFs?$CFd?$CFs?$CFs?$CFs?$CFs?$CFs@ 000000014001b3f8     MSVCRTD:error.obj
 0003:00001418       ??_C@_0DE@OHJBPMBP@A?5variable?5is?5being?5used?5withou@ 000000014001b418     MSVCRTD:error.obj
 0003:000014e0       ??_C@_1EI@MLPKHBGE@?$AAa?$AAp?$AAi?$AA?9?$AAm?$AAs?$AA?9?$AAw?$AAi?$AAn?$AA?9?$AAc?$AAo?$AAr?$AAe@ 000000014001b4e0     MSVCRTD:pdblkup.obj
 0003:00001538       ??_C@_1BK@JHLNAEJL@?$AAa?$AAd?$AAv?$AAa?$AAp?$AAi?$AA3?$AA2?$AA?4?$AAd?$AAl?$AAl@ 000000014001b538     MSVCRTD:pdblkup.obj
 0003:00001558       ??_C@_0O@COHOBMLB@RegOpenKeyExW@ 000000014001b558     MSVCRTD:pdblkup.obj
 0003:00001568       ??_C@_0BB@GLNAEDBD@RegQueryValueExW@ 000000014001b568     MSVCRTD:pdblkup.obj
 0003:00001580       ??_C@_0M@HLOHPNFA@RegCloseKey@ 000000014001b580     MSVCRTD:pdblkup.obj
 0003:00001590       ??_C@_1HE@EBEAGLFB@?$AAS?$AAO?$AAF?$AAT?$AAW?$AAA?$AAR?$AAE?$AA?2?$AAW?$AAo?$AAw?$AA6?$AA4?$AA3@ 000000014001b590     MSVCRTD:pdblkup.obj
 0003:00001620       ??_C@_1BG@EABPBLLF@?$AAP?$AAr?$AAo?$AAd?$AAu?$AAc?$AAt?$AAD?$AAi?$AAr@ 000000014001b620     MSVCRTD:pdblkup.obj
 0003:00001668       ??_C@_1BC@JINFINNJ@?$AAM?$AAS?$AAP?$AAD?$AAB?$AA1?$AA4?$AA0@ 000000014001b668     MSVCRTD:pdblkup.obj
 0003:00001680       ??_C@_0BB@KCIACLNC@PDBOpenValidate5@ 000000014001b680     MSVCRTD:pdblkup.obj
 0003:00001694       ??_C@_01KDCPPGHE@r@        000000014001b694     MSVCRTD:pdblkup.obj
 0003:000016a0       _load_config_used          000000014001b6a0     MSVCRTD:loadcfg.obj
 0003:00001a00       __CastGuardVftablesStart   000000014001ba00     MSVCRTD:guard_support.obj
 0003:00001c00       __CastGuardVftablesEnd     000000014001bc00     MSVCRTD:guard_support.obj
 0003:00001f60       __rtc_iaa                  000000014001bf60     MSVCRTD:initsect.obj
 0003:00002190       __rtc_izz                  000000014001c190     MSVCRTD:initsect.obj
 0003:000022a0       __rtc_taa                  000000014001c2a0     MSVCRTD:initsect.obj
 0003:000024d0       __rtc_tzz                  000000014001c4d0     MSVCRTD:initsect.obj
 0004:00000000       _fltused                   000000014001d000     MSVCRTD:fltused.obj
 0004:00000010       __security_cookie_complement 000000014001d010     MSVCRTD:gs_cookie.obj
 0004:00000018       __security_cookie          000000014001d018     MSVCRTD:gs_cookie.obj
 0004:00000028       ?_RTC_ErrorLevels@@3PAHA   000000014001d028     MSVCRTD:error.obj
 0004:00000040       __scrt_native_dllmain_reason 000000014001d040     MSVCRTD:utility.obj
 0004:00000044       __scrt_default_matherr     000000014001d044     MSVCRTD:matherr.obj
 0004:00000048       __isa_available            000000014001d048     MSVCRTD:cpu_disp.obj
 0004:0000004c       __isa_enabled              000000014001d04c     MSVCRTD:cpu_disp.obj
 0004:00000050       __memset_fast_string_threshold 000000014001d050     MSVCRTD:cpu_disp.obj
 0004:00000058       __memset_nt_threshold      000000014001d058     MSVCRTD:cpu_disp.obj
 0004:00000070       __scrt_ucrt_dll_is_in_use  000000014001d070     MSVCRTD:ucrt_stubs.obj
 0004:000001a0       ?_OptionsStorage@?1??__local_stdio_printf_options@@9@4_KA 000000014001d1a0     MSVCRTD:error.obj
 0004:00000838       __scrt_current_native_startup_state 000000014001d838     MSVCRTD:utility.obj
 0004:00000840       __scrt_native_startup_lock 000000014001d840     MSVCRTD:utility.obj
 0004:00000890       ?__type_info_root_node@@3U__type_info_node@@A 000000014001d890     MSVCRTD:tncleanup.obj
 0004:000008a8       ?_OptionsStorage@?1??__local_stdio_scanf_options@@9@4_KA 000000014001d8a8     MSVCRTD:default_local_stdio_options.obj
 0004:000008b4       __scrt_debugger_hook_flag  000000014001d8b4     MSVCRTD:utility_desktop.obj
 0004:000008c4       __favor                    000000014001d8c4     MSVCRTD:cpu_disp.obj
 0004:000008c8       __dyn_tls_dtor_callback    000000014001d8c8     <common>
 0004:000008e0       __dyn_tls_init_callback    000000014001d8e0     <common>
 0004:000008f4       __DebuggerCurrentSteppingThreadId 000000014001d8f4     <common>
 0006:00000000       __imp_HeapAlloc            0000000140021000     kernel32:KERNEL32.dll
 0006:00000008       __imp_IsDebuggerPresent    0000000140021008     kernel32:KERNEL32.dll
 0006:00000010       __imp_RaiseException       0000000140021010     kernel32:KERNEL32.dll
 0006:00000018       __imp_MultiByteToWideChar  0000000140021018     kernel32:KERNEL32.dll
 0006:00000020       __imp_WideCharToMultiByte  0000000140021020     kernel32:KERNEL32.dll
 0006:00000028       __imp_RtlCaptureContext    0000000140021028     kernel32:KERNEL32.dll
 0006:00000030       __imp_RtlLookupFunctionEntry 0000000140021030     kernel32:KERNEL32.dll
 0006:00000038       __imp_RtlVirtualUnwind     0000000140021038     kernel32:KERNEL32.dll
 0006:00000040       __imp_UnhandledExceptionFilter 0000000140021040     kernel32:KERNEL32.dll
 0006:00000048       __imp_SetUnhandledExceptionFilter 0000000140021048     kernel32:KERNEL32.dll
 0006:00000050       __imp_GetCurrentProcess    0000000140021050     kernel32:KERNEL32.dll
 0006:00000058       __imp_TerminateProcess     0000000140021058     kernel32:KERNEL32.dll
 0006:00000060       __imp_IsProcessorFeaturePresent 0000000140021060     kernel32:KERNEL32.dll
 0006:00000068       __imp_QueryPerformanceCounter 0000000140021068     kernel32:KERNEL32.dll
 0006:00000070       __imp_GetCurrentProcessId  0000000140021070     kernel32:KERNEL32.dll
 0006:00000078       __imp_GetSystemTimeAsFileTime 0000000140021078     kernel32:KERNEL32.dll
 0006:00000080       __imp_InitializeSListHead  0000000140021080     kernel32:KERNEL32.dll
 0006:00000088       __imp_GetProcAddress       0000000140021088     kernel32:KERNEL32.dll
 0006:00000090       __imp_FreeLibrary          0000000140021090     kernel32:KERNEL32.dll
 0006:00000098       __imp_VirtualQuery         0000000140021098     kernel32:KERNEL32.dll
 0006:000000a0       __imp_GetProcessHeap       00000001400210a0     kernel32:KERNEL32.dll
 0006:000000a8       __imp_HeapFree             00000001400210a8     kernel32:KERNEL32.dll
 0006:000000b0       __imp_GetCurrentThreadId   00000001400210b0     kernel32:KERNEL32.dll
 0006:000000b8       __imp_GetLastError         00000001400210b8     kernel32:KERNEL32.dll
 0006:000000c0       __imp_GetModuleHandleW     00000001400210c0     kernel32:KERNEL32.dll
 0006:000000c8       __imp_GetStartupInfoW      00000001400210c8     kernel32:KERNEL32.dll
 0006:000000d0       \177KERNEL32_NULL_THUNK_DATA 00000001400210d0     kernel32:KERNEL32.dll
 0006:00000150       __imp_??6?$basic_ostream@DU?$char_traits@D@std@@@std@@QEAAAEAV01@P6AAEAV01@AEAV01@@Z@Z 0000000140021150     msvcprtd:MSVCP140D.dll
 0006:00000158       __imp_??6?$basic_ostream@DU?$char_traits@D@std@@@std@@QEAAAEAV01@H@Z 0000000140021158     msvcprtd:MSVCP140D.dll
 0006:00000160       __imp_?put@?$basic_ostream@DU?$char_traits@D@std@@@std@@QEAAAEAV12@D@Z 0000000140021160     msvcprtd:MSVCP140D.dll
 0006:00000168       __imp_?flush@?$basic_ostream@DU?$char_traits@D@std@@@std@@QEAAAEAV12@XZ 0000000140021168     msvcprtd:MSVCP140D.dll
 0006:00000170       __imp_?cout@std@@3V?$basic_ostream@DU?$char_traits@D@std@@@1@A 0000000140021170     msvcprtd:MSVCP140D.dll
 0006:00000178       __imp_??6?$basic_ostream@DU?$char_traits@D@std@@@std@@QEAAAEAV01@N@Z 0000000140021178     msvcprtd:MSVCP140D.dll
 0006:00000180       __imp_?widen@?$basic_ios@DU?$char_traits@D@std@@@std@@QEBADD@Z 0000000140021180     msvcprtd:MSVCP140D.dll
 0006:00000188       \177MSVCP140D_NULL_THUNK_DATA 0000000140021188     msvcprtd:MSVCP140D.dll
 0006:000001e8       __imp___C_specific_handler_noexcept 00000001400211e8     vcruntimed:VCRUNTIME140D.dll
 0006:000001f0       __imp___std_type_info_destroy_list 00000001400211f0     vcruntimed:VCRUNTIME140D.dll
 0006:000001f8       __imp___current_exception  00000001400211f8     vcruntimed:VCRUNTIME140D.dll
 0006:00000200       __imp___current_exception_context 0000000140021200     vcruntimed:VCRUNTIME140D.dll
 0006:00000208       __imp___vcrt_GetModuleFileNameW 0000000140021208     vcruntimed:VCRUNTIME140D.dll
 0006:00000210       __imp_memcpy               0000000140021210     vcruntimed:VCRUNTIME140D.dll
 0006:00000218       __imp___vcrt_GetModuleHandleW 0000000140021218     vcruntimed:VCRUNTIME140D.dll
 0006:00000220       __imp___vcrt_LoadLibraryExW 0000000140021220     vcruntimed:VCRUNTIME140D.dll
 0006:00000228       __imp___C_specific_handler 0000000140021228     vcruntimed:VCRUNTIME140D.dll
 0006:00000230       \177VCRUNTIME140D_NULL_THUNK_DATA 0000000140021230     vcruntimed:VCRUNTIME140D.dll
 0006:00000290       __imp__crt_at_quick_exit   0000000140021290     ucrtd:ucrtbased.dll
 0006:00000298       __imp_terminate            0000000140021298     ucrtd:ucrtbased.dll
 0006:000002a0       __imp__wmakepath_s         00000001400212a0     ucrtd:ucrtbased.dll
 0006:000002a8       __imp__wsplitpath_s        00000001400212a8     ucrtd:ucrtbased.dll
 0006:000002b0       __imp_wcscpy_s             00000001400212b0     ucrtd:ucrtbased.dll
 0006:000002b8       __imp__crt_atexit          00000001400212b8     ucrtd:ucrtbased.dll
 0006:000002c0       __imp__execute_onexit_table 00000001400212c0     ucrtd:ucrtbased.dll
 0006:000002c8       __imp__register_onexit_function 00000001400212c8     ucrtd:ucrtbased.dll
 0006:000002d0       __imp__initialize_onexit_table 00000001400212d0     ucrtd:ucrtbased.dll
 0006:000002d8       __imp__seh_filter_dll      00000001400212d8     ucrtd:ucrtbased.dll
 0006:000002e0       __imp_strcat_s             00000001400212e0     ucrtd:ucrtbased.dll
 0006:000002e8       __imp_strcpy_s             00000001400212e8     ucrtd:ucrtbased.dll
 0006:000002f0       __imp___p__commode         00000001400212f0     ucrtd:ucrtbased.dll
 0006:000002f8       __imp__set_new_mode        00000001400212f8     ucrtd:ucrtbased.dll
 0006:00000300       __imp__configthreadlocale  0000000140021300     ucrtd:ucrtbased.dll
 0006:00000308       __imp__register_thread_local_exe_atexit_callback 0000000140021308     ucrtd:ucrtbased.dll
 0006:00000310       __imp__c_exit              0000000140021310     ucrtd:ucrtbased.dll
 0006:00000318       __imp__cexit               0000000140021318     ucrtd:ucrtbased.dll
 0006:00000320       __imp___p___argv           0000000140021320     ucrtd:ucrtbased.dll
 0006:00000328       __imp___p___argc           0000000140021328     ucrtd:ucrtbased.dll
 0006:00000330       __imp__set_fmode           0000000140021330     ucrtd:ucrtbased.dll
 0006:00000338       __imp__exit                0000000140021338     ucrtd:ucrtbased.dll
 0006:00000340       __imp_exit                 0000000140021340     ucrtd:ucrtbased.dll
 0006:00000348       __imp__initterm_e          0000000140021348     ucrtd:ucrtbased.dll
 0006:00000350       __imp__initterm            0000000140021350     ucrtd:ucrtbased.dll
 0006:00000358       __imp__get_initial_narrow_environment 0000000140021358     ucrtd:ucrtbased.dll
 0006:00000360       __imp__initialize_narrow_environment 0000000140021360     ucrtd:ucrtbased.dll
 0006:00000368       __imp__configure_narrow_argv 0000000140021368     ucrtd:ucrtbased.dll
 0006:00000370       __imp___setusermatherr     0000000140021370     ucrtd:ucrtbased.dll
 0006:00000378       __imp__set_app_type        0000000140021378     ucrtd:ucrtbased.dll
 0006:00000380       __imp__seh_filter_exe      0000000140021380     ucrtd:ucrtbased.dll
 0006:00000388       __imp__CrtDbgReportW       0000000140021388     ucrtd:ucrtbased.dll
 0006:00000390       __imp__CrtDbgReport        0000000140021390     ucrtd:ucrtbased.dll
 0006:00000398       __imp___stdio_common_vsprintf_s 0000000140021398     ucrtd:ucrtbased.dll
 0006:000003a0       \177ucrtbased_NULL_THUNK_DATA 00000001400213a0     ucrtd:ucrtbased.dll
 0006:00000428       __IMPORT_DESCRIPTOR_MSVCP140D 0000000140021428     msvcprtd:MSVCP140D.dll
 0006:0000043c       __IMPORT_DESCRIPTOR_VCRUNTIME140D 000000014002143c     vcruntimed:VCRUNTIME140D.dll
 0006:00000450       __IMPORT_DESCRIPTOR_ucrtbased 0000000140021450     ucrtd:ucrtbased.dll
 0006:00000464       __IMPORT_DESCRIPTOR_KERNEL32 0000000140021464     kernel32:KERNEL32.dll
 0006:00000478       __NULL_IMPORT_DESCRIPTOR   0000000140021478     msvcprtd:MSVCP140D.dll
 0008:00000000       __guard_check_icall_fptr   0000000140024000     MSVCRTD:guard_support.obj
 0008:00000010       __guard_xfg_check_icall_fptr 0000000140024010     MSVCRTD:guard_support.obj
 0008:00000020       __guard_dispatch_icall_fptr 0000000140024020     MSVCRTD:guard_support.obj
 0008:00000030       __guard_xfg_dispatch_icall_fptr 0000000140024030     MSVCRTD:guard_support.obj
 0008:00000040       __guard_xfg_table_dispatch_icall_fptr 0000000140024040     MSVCRTD:guard_support.obj
 0008:00000050       __castguard_check_failure_os_handled_fptr 0000000140024050     MSVCRTD:guard_support.obj
 0008:00000060       __guard_memcpy_fptr        0000000140024060     vcruntimed:softmemtag.obj

 entry point at        0002:0000028a

 Static symbols

 0003:fffe6000       $unwind$??$endl@DU?$char_traits@D@std@@@std@@YAAEAV?$basic_ostream@DU?$char_traits@D@std@@@0@AEAV10@@Z 0000000140000000     Source.obj
 0003:fffe6000       $unwind$?__empty_global_delete@@YAXPEAX@Z 0000000140000000     Source.obj
 0003:fffe6000       $unwind$?__empty_global_delete@@YAXPEAX_K@Z 0000000140000000     Source.obj
 0000:00000000       _volmd                     0000000140000000     Source.obj
 0000:fffd9000       .debug$S                   0000000140000000     ucrtd:ucrtbased.dll
 0000:fffd9000       .debug$S                   0000000140000000     ucrtd:ucrtbased.dll
 0000:fffd9000       .debug$S                   0000000140000000     ucrtd:ucrtbased.dll
 0000:fffd9000       .debug$S                   0000000140000000     ucrtd:ucrtbased.dll
 0000:fffd9000       .debug$S                   0000000140000000     ucrtd:ucrtbased.dll
 0000:fffd9000       .debug$S                   0000000140000000     ucrtd:ucrtbased.dll
 0000:fffd9000       .debug$S                   0000000140000000     ucrtd:ucrtbased.dll
 0000:fffd9000       .debug$S                   0000000140000000     ucrtd:ucrtbased.dll
 0000:fffd9000       .debug$S                   0000000140000000     ucrtd:ucrtbased.dll
 0000:fffd9000       .debug$S                   0000000140000000     ucrtd:ucrtbased.dll
 0000:fffd9000       .debug$S                   0000000140000000     ucrtd:ucrtbased.dll
 0000:fffd9000       .debug$S                   0000000140000000     ucrtd:ucrtbased.dll
 0000:fffd9000       .debug$S                   0000000140000000     ucrtd:ucrtbased.dll
 0000:fffd9000       .debug$S                   0000000140000000     ucrtd:ucrtbased.dll
 0000:fffd9000       .debug$S                   0000000140000000     ucrtd:ucrtbased.dll
 0000:fffd9000       .debug$S                   0000000140000000     ucrtd:ucrtbased.dll
 0000:fffd9000       .debug$S                   0000000140000000     ucrtd:ucrtbased.dll
 0000:fffd9000       .debug$S                   0000000140000000     ucrtd:ucrtbased.dll
 0000:fffd9000       .debug$S                   0000000140000000     ucrtd:ucrtbased.dll
 0000:fffd9000       .debug$S                   0000000140000000     ucrtd:ucrtbased.dll
 0000:fffd9000       .debug$S                   0000000140000000     ucrtd:ucrtbased.dll
 0000:fffd9000       .debug$S                   0000000140000000     ucrtd:ucrtbased.dll
 0000:fffd9000       .debug$S                   0000000140000000     ucrtd:ucrtbased.dll
 0000:fffd9000       .debug$S                   0000000140000000     ucrtd:ucrtbased.dll
 0000:fffd9000       .debug$S                   0000000140000000     ucrtd:ucrtbased.dll
 0000:fffd9000       .debug$S                   0000000140000000     ucrtd:ucrtbased.dll
 0000:fffd9000       .debug$S                   0000000140000000     ucrtd:ucrtbased.dll
 0000:fffd9000       .debug$S                   0000000140000000     ucrtd:ucrtbased.dll
 0000:fffd9000       .debug$S                   0000000140000000     ucrtd:ucrtbased.dll
 0000:fffd9000       .debug$S                   0000000140000000     ucrtd:ucrtbased.dll
 0000:fffd9000       .debug$S                   0000000140000000     ucrtd:ucrtbased.dll
 0000:fffd9000       .debug$S                   0000000140000000     ucrtd:ucrtbased.dll
 0000:fffd9000       .debug$S                   0000000140000000     ucrtd:ucrtbased.dll
 0000:fffd9000       .debug$S                   0000000140000000     ucrtd:ucrtbased.dll
 0000:fffd9000       .debug$S                   0000000140000000     kernel32:KERNEL32.dll
 0000:fffd9000       .debug$S                   0000000140000000     kernel32:KERNEL32.dll
 0000:fffd9000       .debug$S                   0000000140000000     kernel32:KERNEL32.dll
 0000:fffd9000       .debug$S                   0000000140000000     kernel32:KERNEL32.dll
 0000:fffd9000       .debug$S                   0000000140000000     kernel32:KERNEL32.dll
 0000:fffd9000       .debug$S                   0000000140000000     kernel32:KERNEL32.dll
 0000:fffd9000       .debug$S                   0000000140000000     kernel32:KERNEL32.dll
 0000:fffd9000       .debug$S                   0000000140000000     kernel32:KERNEL32.dll
 0000:fffd9000       .debug$S                   0000000140000000     kernel32:KERNEL32.dll
 0000:fffd9000       .debug$S                   0000000140000000     kernel32:KERNEL32.dll
 0000:fffd9000       .debug$S                   0000000140000000     kernel32:KERNEL32.dll
 0000:fffd9000       .debug$S                   0000000140000000     kernel32:KERNEL32.dll
 0000:fffd9000       .debug$S                   0000000140000000     kernel32:KERNEL32.dll
 0000:fffd9000       .debug$S                   0000000140000000     kernel32:KERNEL32.dll
 0000:fffd9000       .debug$S                   0000000140000000     kernel32:KERNEL32.dll
 0000:fffd9000       .debug$S                   0000000140000000     kernel32:KERNEL32.dll
 0000:fffd9000       .debug$S                   0000000140000000     kernel32:KERNEL32.dll
 0000:fffd9000       .debug$S                   0000000140000000     kernel32:KERNEL32.dll
 0000:fffd9000       .debug$S                   0000000140000000     kernel32:KERNEL32.dll
 0000:fffd9000       .debug$S                   0000000140000000     kernel32:KERNEL32.dll
 0000:fffd9000       .debug$S                   0000000140000000     kernel32:KERNEL32.dll
 0000:fffd9000       .debug$S                   0000000140000000     kernel32:KERNEL32.dll
 0000:fffd9000       .debug$S                   0000000140000000     kernel32:KERNEL32.dll
 0000:fffd9000       .debug$S                   0000000140000000     kernel32:KERNEL32.dll
 0000:fffd9000       .debug$S                   0000000140000000     kernel32:KERNEL32.dll
 0000:fffd9000       .debug$S                   0000000140000000     kernel32:KERNEL32.dll
 0000:00000000       _volmd                     0000000140000000     MSVCRTD:cpu_disp.obj
 0000:fffdd000       __guard_ehcont_?notify_debugger@@YAXAEBUtagEXCEPTION_VISUALCPP_DEBUG_INFO@@@Z 0000000140000000     MSVCRTD:error.obj
 0000:fffdd000       __guard_ehcont_?__scrt_common_main_seh@@YAHXZ 0000000140000000     MSVCRTD:exe_main.obj
 0000:fffdd000       __guard_fids_?pre_c_initialization@@YAHXZ 0000000140000000     MSVCRTD:exe_main.obj
 0000:fffdd000       __guard_fids__             0000000140000000     MSVCRTD:exe_main.obj
 0000:00000000       _volmd                     0000000140000000     MSVCRTD:gs_report.obj
 0000:00000000       _volmd                     0000000140000000     MSVCRTD:gs_report.obj
 0000:00000000       _volmd                     0000000140000000     MSVCRTD:gs_report.obj
 0000:fffdd000       __guard_fids__             0000000140000000     MSVCRTD:guard_support.obj
 0000:fffdd000       __guard_fids__             0000000140000000     MSVCRTD:guard_support.obj
 0000:fffdd000       __guard_fids__guard_icall_checks_enforced 0000000140000000     MSVCRTD:guard_support.obj
 0000:00000000       _volmd                     0000000140000000     MSVCRTD:guard_support.obj
 0000:00000000       _volmd                     0000000140000000     MSVCRTD:guard_support.obj
 0000:fffdd000       __guard_fids__CRT_RTC_INIT 0000000140000000     MSVCRTD:init.obj
 0000:fffdd000       __guard_fids__CRT_RTC_INITW 0000000140000000     MSVCRTD:init.obj
 0003:fffe6000       $unwind$?configure_argv@__scrt_narrow_argv_policy@@SAHXZ 0000000140000000     MSVCRTD:utility.obj
 0003:fffe6000       $unwind$?initialize_environment@__scrt_narrow_environment_policy@@SAHXZ 0000000140000000     MSVCRTD:utility.obj
 0000:fffdd000       __guard_ehcont___scrt_is_nonwritable_in_current_image 0000000140000000     MSVCRTD:utility.obj
 0000:00000000       _volmd                     0000000140000000     MSVCRTD:utility.obj
 0000:00000000       _volmd                     0000000140000000     MSVCRTD:utility.obj
 0000:00000000       _volmd                     0000000140000000     MSVCRTD:utility.obj
 0000:fffdd000       __guard_fids___scrt_set_unhandled_exception_filter 0000000140000000     MSVCRTD:utility_desktop.obj
 0000:00000000       _volmd                     0000000140000000     MSVCRTD:utility_desktop.obj
 0000:fffd9000       .debug$S                   0000000140000000     msvcprtd:MSVCP140D.dll
 0000:fffd9000       .debug$S                   0000000140000000     msvcprtd:MSVCP140D.dll
 0000:fffd9000       .debug$S                   0000000140000000     msvcprtd:MSVCP140D.dll
 0000:fffd9000       .debug$S                   0000000140000000     msvcprtd:MSVCP140D.dll
 0000:fffd9000       .debug$S                   0000000140000000     msvcprtd:MSVCP140D.dll
 0000:fffd9000       .debug$S                   0000000140000000     msvcprtd:MSVCP140D.dll
 0000:fffd9000       .debug$S                   0000000140000000     msvcprtd:MSVCP140D.dll
 0000:fffdd000       __guard_fids__             0000000140000000     vcruntimed:softmemtag.obj
 0000:fffd9000       .debug$S                   0000000140000000     vcruntimed:VCRUNTIME140D.dll
 0000:fffd9000       .debug$S                   0000000140000000     vcruntimed:VCRUNTIME140D.dll
 0000:fffd9000       .debug$S                   0000000140000000     vcruntimed:VCRUNTIME140D.dll
 0000:fffd9000       .debug$S                   0000000140000000     vcruntimed:VCRUNTIME140D.dll
 0000:fffd9000       .debug$S                   0000000140000000     vcruntimed:VCRUNTIME140D.dll
 0000:fffd9000       .debug$S                   0000000140000000     vcruntimed:VCRUNTIME140D.dll
 0000:fffd9000       .debug$S                   0000000140000000     vcruntimed:VCRUNTIME140D.dll
 0000:fffd9000       .debug$S                   0000000140000000     vcruntimed:VCRUNTIME140D.dll
 0000:fffd9000       .debug$S                   0000000140000000     vcruntimed:VCRUNTIME140D.dll
 0000:fffdd004       __guard_fids__             0000000140000004     MSVCRTD:exe_main.obj
 0000:fffdd008       __guard_fids__             0000000140000008     MSVCRTD:exe_main.obj
 0002:00001070       $$000000                   0000000140012070     MSVCRTD:amdsecgs.obj
 0002:000010b0       ?pre_c_initialization@@YAHXZ 00000001400120b0 f   MSVCRTD:exe_main.obj
 0002:00001190       ?post_pgo_initialization@@YAHXZ 0000000140012190 f   MSVCRTD:exe_main.obj
 0002:000011b0       ?pre_cpp_initialization@@YAXXZ 00000001400121b0 f   MSVCRTD:exe_main.obj
 0002:000011d0       ?__scrt_common_main@@YAHXZ 00000001400121d0 f   MSVCRTD:exe_main.obj
 0002:000011f0       ?__scrt_common_main_seh@@YAHXZ 00000001400121f0 f   MSVCRTD:exe_main.obj
 0002:00001440       ?invoke_main@@YAHXZ        0000000140012440 f   MSVCRTD:exe_main.obj
 0002:000015e0       ?DebuggerProbe@@YA_NK@Z    00000001400125e0 f   MSVCRTD:error.obj
 0002:00001630       ?DebuggerRuntime@@YA_NKHPEAXPEB_W@Z 0000000140012630 f   MSVCRTD:error.obj
 0002:000019c0       ?_getMemBlockDataString@@YAXPEAD0PEBD_K@Z 00000001400129c0 f   MSVCRTD:error.obj
 0002:00001aa0       ?_strlen_priv@@YA_KPEBD@Z  0000000140012aa0 f   MSVCRTD:error.obj
 0002:00001ac0       ?failwithmessage@@YAXPEAXHHPEBD@Z 0000000140012ac0 f   MSVCRTD:error.obj
 0002:00001dc0       ?notify_debugger@@YAXAEBUtagEXCEPTION_VISUALCPP_DEBUG_INFO@@@Z 0000000140012dc0 f   MSVCRTD:error.obj
 0002:00002360       capture_current_context    0000000140013360 f   MSVCRTD:gs_report.obj
 0002:00002420       capture_previous_context   0000000140013420 f   MSVCRTD:gs_report.obj
 0002:00002500       ?find_pe_section@@YAPEAU_IMAGE_SECTION_HEADER@@QEAE_K@Z 0000000140013500 f   MSVCRTD:utility.obj
 0002:00002600       ?is_potentially_valid_image_base@@YA_NQEAX@Z 0000000140013600 f   MSVCRTD:utility.obj
 0002:00002d20       __get_entropy              0000000140013d20 f   MSVCRTD:gs_support.obj
 0002:00003680       __castguard_check_failure_os_handled_wrapper 0000000140014680 f   MSVCRTD:guard_support.obj
 0002:000036c0       __castguard_compat_check   00000001400146c0 f   MSVCRTD:guard_support.obj
 0002:00003880       __castguard_slow_path_compat_check 0000000140014880 f   MSVCRTD:guard_support.obj
 0002:00003970       ?GetPdbDll@@YAPEAUHINSTANCE__@@XZ 0000000140014970 f   MSVCRTD:pdblkup.obj
 0002:00003b30       ?GetPdbDllFromInstallPath@@YAPEAUHINSTANCE__@@XZ 0000000140014b30 f   MSVCRTD:pdblkup.obj
 0002:00003e90       ?GetPdbDllPathFromFilePath@@YAHPEB_WPEA_W_K@Z 0000000140014e90 f   MSVCRTD:pdblkup.obj
 0002:00005f20       $$000000                   0000000140016f20     MSVCRTD:guard_dispatch.obj
 0002:00005f40       $$000000                   0000000140016f40     MSVCRTD:guard_xfg_dispatch.obj
 0002:00006f60       ?filt$0@?0??__scrt_common_main_seh@@YAHXZ@4HA 0000000140017f60 f   MSVCRTD:exe_main.obj
 0002:00006fa0       ?filt$0@?0??notify_debugger@@YAXAEBUtagEXCEPTION_VISUALCPP_DEBUG_INFO@@@Z@4HA 0000000140017fa0 f   MSVCRTD:error.obj
 0002:00006fd0       __scrt_is_nonwritable_in_current_image$filt$0 0000000140017fd0 f   MSVCRTD:utility.obj
 0003:00000110       ?pre_cpp_initializer@@3P6AXXZEA 000000014001a110     MSVCRTD:exe_main.obj
 0003:00000440       ?pre_c_initializer@@3P6AHXZEA 000000014001a440     MSVCRTD:exe_main.obj
 0003:00000550       ?post_pgo_initializer@@3P6AHXZEA 000000014001a550     MSVCRTD:exe_main.obj
 0003:00000bb0       main$rtcName$0             000000014001abb0     Source.obj
 0003:00000bc0       main$rtcVarDesc            000000014001abc0     Source.obj
 0003:00000c00       main$rtcFrameData          000000014001ac00     Source.obj
 0003:00000c48       ?_RTC_errlist@@3QBQEBDB    000000014001ac48     MSVCRTD:userapi.obj
 0003:00000d50       ?_RTC_ErrorMessages@@3QBQEBDB 000000014001ad50     MSVCRTD:error.obj
 0003:00000d80       ?_RTC_NoFalsePositives@@3QBHB 000000014001ad80     MSVCRTD:error.obj
 0003:00000d98       ?stack_premsg@@3QBDB       000000014001ad98     MSVCRTD:error.obj
 0003:00000db8       ?stack_postmsg@@3QBDB      000000014001adb8     MSVCRTD:error.obj
 0003:00000dd0       ?uninit_premsg@@3QBDB      000000014001add0     MSVCRTD:error.obj
 0003:00000de0       ?uninit_postmsg@@3QBDB     000000014001ade0     MSVCRTD:error.obj
 0003:00001458       GS_ExceptionPointers       000000014001b458     MSVCRTD:gs_report.obj
 0003:00001470       ?mspdbName@@3QB_WB         000000014001b470     MSVCRTD:pdblkup.obj
 0003:000014a0       ?debugCrtFileName@@3QB_WB  000000014001b4a0     MSVCRTD:pdblkup.obj
 0003:00001640       ?dllExt@?1??GetPdbDllPathFromFilePath@@YAHPEB_WPEA_W_K@Z@4QB_WB 000000014001b640     MSVCRTD:pdblkup.obj
 0003:00001650       ?mspdbFilename@?1??GetPdbDllPathFromFilePath@@YAHPEB_WPEA_W_K@Z@4QB_WB 000000014001b650     MSVCRTD:pdblkup.obj
 0003:00002070       _RTC_InitBase.rtc$IMZ      000000014001c070     Imp.obj
 0003:00002080       _RTC_InitBase.rtc$IMZ      000000014001c080     Source.obj
 0003:000023b0       _RTC_Shutdown.rtc$TMZ      000000014001c3b0     Imp.obj
 0003:000023c0       _RTC_Shutdown.rtc$TMZ      000000014001c3c0     Source.obj
 0003:000025e0       $unwind$?__empty_global_delete@@YAXPEAX@Z 000000014001c5e0     Imp.obj
 0003:000025f4       $unwind$?__empty_global_delete@@YAXPEAX_K@Z 000000014001c5f4     Imp.obj
 0003:00002608       $unwind$?Add@@YAHHH@Z      000000014001c608     Imp.obj
 0003:0000261c       $unwind$?Add@@YANNN@Z      000000014001c61c     Imp.obj
 0003:00002630       $unwind$Print              000000014001c630     Imp.obj
 0003:00002644       $unwind$??$endl@DU?$char_traits@D@std@@@std@@YAAEAV?$basic_ostream@DU?$char_traits@D@std@@@0@AEAV10@@Z 000000014001c644     Imp.obj
 0003:00002658       $unwind$?Print@@YAXPEBH@Z  000000014001c658     Imp.obj
 0003:0000266c       $unwind$main               000000014001c66c     Source.obj
 0003:00002688       $unwind$_RTC_Shutdown      000000014001c688     MSVCRTD:init.obj
 0003:00002690       $unwind$_RTC_InitBase      000000014001c690     MSVCRTD:init.obj
 0003:00002698       $unwind$__CheckForDebuggerJustMyCode 000000014001c698     MSVCRTD:debugger_jmc.obj
 0003:000026a0       $unwind$_RTC_CheckStackVars 000000014001c6a0     MSVCRTD:stack.obj
 0003:000026b4       $chain$0$_RTC_CheckStackVars 000000014001c6b4     MSVCRTD:stack.obj
 0003:000026cc       $chain$1$_RTC_CheckStackVars 000000014001c6cc     MSVCRTD:stack.obj
 0003:000026e0       $unwind$_RTC_CheckStackVars2 000000014001c6e0     MSVCRTD:stack.obj
 0003:000026f0       $chain$1$_RTC_CheckStackVars2 000000014001c6f0     MSVCRTD:stack.obj
 0003:0000270c       $chain$2$_RTC_CheckStackVars2 000000014001c70c     MSVCRTD:stack.obj
 0003:00002724       $chain$3$_RTC_CheckStackVars2 000000014001c724     MSVCRTD:stack.obj
 0003:0000273c       $chain$4$_RTC_CheckStackVars2 000000014001c73c     MSVCRTD:stack.obj
 0003:00002750       $chain$5$_RTC_CheckStackVars2 000000014001c750     MSVCRTD:stack.obj
 0003:00002764       $chain$6$_RTC_CheckStackVars2 000000014001c764     MSVCRTD:stack.obj
 0003:00002778       $unwind$_RTC_AllocaHelper  000000014001c778     MSVCRTD:stack.obj
 0003:00002780       $chain$0$_RTC_AllocaHelper 000000014001c780     MSVCRTD:stack.obj
 0003:00002798       $chain$1$_RTC_AllocaHelper 000000014001c798     MSVCRTD:stack.obj
 0003:000027ac       $unwind$__GSHandlerCheckCommon 000000014001c7ac     MSVCRTD:gshandler.obj
 0003:000027b4       $unwind$__GSHandlerCheck   000000014001c7b4     MSVCRTD:gshandler.obj
 0003:000027c0       $xdatasym                  000000014001c7c0     MSVCRTD:amdsecgs.obj
 0003:000027c4       $unwind$?configure_argv@__scrt_narrow_argv_policy@@SAHXZ 000000014001c7c4     MSVCRTD:exe_main.obj
 0003:000027cc       $unwind$?initialize_environment@__scrt_narrow_environment_policy@@SAHXZ 000000014001c7cc     MSVCRTD:exe_main.obj
 0003:000027d4       $unwind$?set_app_type@__scrt_main_policy@@SAXXZ 000000014001c7d4     MSVCRTD:exe_main.obj
 0003:000027dc       $unwind$?set_fmode@__scrt_file_policy@@SAXXZ 000000014001c7dc     MSVCRTD:exe_main.obj
 0003:000027e4       $unwind$?set_commode@__scrt_file_policy@@SAXXZ 000000014001c7e4     MSVCRTD:exe_main.obj
 0003:000027ec       $unwind$?invoke_main@@YAHXZ 000000014001c7ec     MSVCRTD:exe_main.obj
 0003:000027f4       $unwind$?pre_c_initialization@@YAHXZ 000000014001c7f4     MSVCRTD:exe_main.obj
 0003:000027fc       $unwind$?post_pgo_initialization@@YAHXZ 000000014001c7fc     MSVCRTD:exe_main.obj
 0003:00002804       $unwind$?pre_cpp_initialization@@YAXXZ 000000014001c804     MSVCRTD:exe_main.obj
 0003:0000280c       $unwind$?__scrt_common_main_seh@@YAHXZ 000000014001c80c     MSVCRTD:exe_main.obj
 0003:00002830       $unwind$?filt$0@?0??__scrt_common_main_seh@@YAHXZ@4HA 000000014001c830     MSVCRTD:exe_main.obj
 0003:00002838       $unwind$?__scrt_common_main@@YAHXZ 000000014001c838     MSVCRTD:exe_main.obj
 0003:00002840       $unwind$mainCRTStartup     000000014001c840     MSVCRTD:exe_main.obj
 0003:00002848       $unwind$_RTC_UninitUse     000000014001c848     MSVCRTD:error.obj
 0003:00002864       $unwind$?_RTC_StackFailure@@YAXPEAXPEBD@Z 000000014001c864     MSVCRTD:error.obj
 0003:00002884       $unwind$?_RTC_AllocaFailure@@YAXPEAXPEAU_RTC_ALLOCA_NODE@@H@Z 000000014001c884     MSVCRTD:error.obj
 0003:000028a0       $chain$0$?_RTC_AllocaFailure@@YAXPEAXPEAU_RTC_ALLOCA_NODE@@H@Z 000000014001c8a0     MSVCRTD:error.obj
 0003:000028b8       $chain$1$?_RTC_AllocaFailure@@YAXPEAXPEAU_RTC_ALLOCA_NODE@@H@Z 000000014001c8b8     MSVCRTD:error.obj
 0003:000028cc       $unwind$_vsprintf_s_l      000000014001c8cc     MSVCRTD:error.obj
 0003:000028e4       $unwind$sprintf_s          000000014001c8e4     MSVCRTD:error.obj
 0003:000028ec       $unwind$?notify_debugger@@YAXAEBUtagEXCEPTION_VISUALCPP_DEBUG_INFO@@@Z 000000014001c8ec     MSVCRTD:error.obj
 0003:00002910       $unwind$?filt$0@?0??notify_debugger@@YAXAEBUtagEXCEPTION_VISUALCPP_DEBUG_INFO@@@Z@4HA 000000014001c910     MSVCRTD:error.obj
 0003:00002918       $unwind$?DebuggerProbe@@YA_NK@Z 000000014001c918     MSVCRTD:error.obj
 0003:00002920       $unwind$?DebuggerRuntime@@YA_NKHPEAXPEB_W@Z 000000014001c920     MSVCRTD:error.obj
 0003:00002928       $unwind$?failwithmessage@@YAXPEAXHHPEBD@Z 000000014001c928     MSVCRTD:error.obj
 0003:00002950       $unwind$?_getMemBlockDataString@@YAXPEAD0PEBD_K@Z 000000014001c950     MSVCRTD:error.obj
 0003:00002964       $chain$3$?_getMemBlockDataString@@YAXPEAD0PEBD_K@Z 000000014001c964     MSVCRTD:error.obj
 0003:00002988       $chain$4$?_getMemBlockDataString@@YAXPEAD0PEBD_K@Z 000000014001c988     MSVCRTD:error.obj
 0003:0000299c       $unwind$__report_securityfailure 000000014001c99c     MSVCRTD:gs_report.obj
 0003:000029a4       $unwind$__report_securityfailureEx 000000014001c9a4     MSVCRTD:gs_report.obj
 0003:000029ac       $unwind$__report_rangecheckfailure 000000014001c9ac     MSVCRTD:gs_report.obj
 0003:000029b4       $unwind$__report_gsfailure 000000014001c9b4     MSVCRTD:gs_report.obj
 0003:000029bc       $unwind$capture_current_context 000000014001c9bc     MSVCRTD:gs_report.obj
 0003:000029c4       $unwind$capture_previous_context 000000014001c9c4     MSVCRTD:gs_report.obj
 0003:000029cc       $unwind$__raise_securityfailure 000000014001c9cc     MSVCRTD:gs_report.obj
 0003:000029d4       $unwind$atexit             000000014001c9d4     MSVCRTD:utility.obj
 0003:000029dc       $unwind$_onexit            000000014001c9dc     MSVCRTD:utility.obj
 0003:000029e4       $unwind$at_quick_exit      000000014001c9e4     MSVCRTD:utility.obj
 0003:000029ec       $unwind$__scrt_is_nonwritable_in_current_image 000000014001c9ec     MSVCRTD:utility.obj
 0003:00002a10       $unwind$__scrt_is_nonwritable_in_current_image$filt$0 000000014001ca10     MSVCRTD:utility.obj
 0003:00002a18       $unwind$__scrt_acquire_startup_lock 000000014001ca18     MSVCRTD:utility.obj
 0003:00002a20       $unwind$__scrt_release_startup_lock 000000014001ca20     MSVCRTD:utility.obj
 0003:00002a28       $unwind$__scrt_initialize_crt 000000014001ca28     MSVCRTD:utility.obj
 0003:00002a30       $unwind$__scrt_uninitialize_crt 000000014001ca30     MSVCRTD:utility.obj
 0003:00002a38       $unwind$__scrt_initialize_onexit_tables 000000014001ca38     MSVCRTD:utility.obj
 0003:00002a48       $unwind$__scrt_dllmain_exception_filter 000000014001ca48     MSVCRTD:utility.obj
 0003:00002a50       $unwind$__scrt_dllmain_before_initialize_c 000000014001ca50     MSVCRTD:utility.obj
 0003:00002a58       $unwind$__scrt_dllmain_after_initialize_c 000000014001ca58     MSVCRTD:utility.obj
 0003:00002a60       $unwind$__scrt_dllmain_uninitialize_c 000000014001ca60     MSVCRTD:utility.obj
 0003:00002a68       $unwind$__scrt_dllmain_uninitialize_critical 000000014001ca68     MSVCRTD:utility.obj
 0003:00002a70       $unwind$__scrt_dllmain_crt_thread_attach 000000014001ca70     MSVCRTD:utility.obj
 0003:00002a78       $unwind$__scrt_dllmain_crt_thread_detach 000000014001ca78     MSVCRTD:utility.obj
 0003:00002a80       $unwind$?is_potentially_valid_image_base@@YA_NQEAX@Z 000000014001ca80     MSVCRTD:utility.obj
 0003:00002a88       $unwind$?find_pe_section@@YAPEAU_IMAGE_SECTION_HEADER@@QEAE_K@Z 000000014001ca88     MSVCRTD:utility.obj
 0003:00002a90       $unwind$__security_init_cookie 000000014001ca90     MSVCRTD:gs_support.obj
 0003:00002a98       $unwind$__get_entropy      000000014001ca98     MSVCRTD:gs_support.obj
 0003:00002aa0       $unwind$?__scrt_initialize_type_info@@YAXXZ 000000014001caa0     MSVCRTD:tncleanup.obj
 0003:00002aa8       $unwind$?__scrt_uninitialize_type_info@@YAXXZ 000000014001caa8     MSVCRTD:tncleanup.obj
 0003:00002ab0       $unwind$__scrt_initialize_default_local_stdio_options 000000014001cab0     MSVCRTD:default_local_stdio_options.obj
 0003:00002ab8       $unwind$__scrt_is_user_matherr_present 000000014001cab8     MSVCRTD:matherr_detection.obj
 0003:00002ac0       $unwind$__scrt_get_show_window_mode 000000014001cac0     MSVCRTD:utility_desktop.obj
 0003:00002ad0       $unwind$__scrt_is_managed_app 000000014001cad0     MSVCRTD:utility_desktop.obj
 0003:00002ad8       $unwind$__scrt_initialize_mta 000000014001cad8     MSVCRTD:utility_desktop.obj
 0003:00002ae0       $unwind$__scrt_set_unhandled_exception_filter 000000014001cae0     MSVCRTD:utility_desktop.obj
 0003:00002ae8       $unwind$__scrt_fastfail    000000014001cae8     MSVCRTD:utility_desktop.obj
 0003:00002af8       $unwind$__scrt_unhandled_exception_filter 000000014001caf8     MSVCRTD:utility_desktop.obj
 0003:00002b00       $unwind$_RTC_Initialize    000000014001cb00     MSVCRTD:initsect.obj
 0003:00002b10       $unwind$_RTC_Terminate     000000014001cb10     MSVCRTD:initsect.obj
 0003:00002b20       $unwind$ReadNoFence64      000000014001cb20     MSVCRTD:guard_support.obj
 0003:00002b28       $unwind$ReadPointerNoFence 000000014001cb28     MSVCRTD:guard_support.obj
 0003:00002b30       $unwind$_guard_icall_checks_enforced 000000014001cb30     MSVCRTD:guard_support.obj
 0003:00002b38       $unwind$__castguard_compat_check 000000014001cb38     MSVCRTD:guard_support.obj
 0003:00002b40       $unwind$__castguard_check_failure_os_handled_wrapper 000000014001cb40     MSVCRTD:guard_support.obj
 0003:00002b48       $unwind$__castguard_check_failure_debugbreak 000000014001cb48     MSVCRTD:guard_support.obj
 0003:00002b50       $unwind$__castguard_check_failure_fastfail 000000014001cb50     MSVCRTD:guard_support.obj
 0003:00002b58       $unwind$__castguard_check_failure_os_handled 000000014001cb58     MSVCRTD:guard_support.obj
 0003:00002b60       $unwind$__castguard_slow_path_compat_check 000000014001cb60     MSVCRTD:guard_support.obj
 0003:00002b68       $unwind$__castguard_slow_path_check_debugbreak 000000014001cb68     MSVCRTD:guard_support.obj
 0003:00002b70       $unwind$__castguard_slow_path_check_fastfail 000000014001cb70     MSVCRTD:guard_support.obj
 0003:00002b78       $unwind$__castguard_slow_path_check_os_handled 000000014001cb78     MSVCRTD:guard_support.obj
 0003:00002b80       $unwind$?_RTC_GetSrcLine@@YAHPEAEPEA_WKPEAH1K@Z 000000014001cb80     MSVCRTD:pdblkup.obj
 0003:00002b9c       $unwind$?GetPdbDllFromInstallPath@@YAPEAUHINSTANCE__@@XZ 000000014001cb9c     MSVCRTD:pdblkup.obj
 0003:00002bc4       $unwind$?GetPdbDllPathFromFilePath@@YAHPEB_WPEA_W_K@Z 000000014001cbc4     MSVCRTD:pdblkup.obj
 0003:00002be0       $unwind$?GetPdbDll@@YAPEAUHINSTANCE__@@XZ 000000014001cbe0     MSVCRTD:pdblkup.obj
 0003:00002bf4       $unwind$__isa_available_init 000000014001cbf4     MSVCRTD:cpu_disp.obj
 0003:00002c08       $unwind$__scrt_is_ucrt_dll_in_use 000000014001cc08     MSVCRTD:ucrt_detection.obj
 0003:00002c10       $xdatasym                  000000014001cc10     MSVCRTD:guard_dispatch.obj
 0003:00002c18       $xdatasym                  000000014001cc18     MSVCRTD:guard_xfg_dispatch.obj
 0004:00000180       ?init@?1??_RTC_InitBase@@9@4_NA 000000014001d180     MSVCRTD:init.obj
 0004:00000188       ?_RTC_ErrorReportFunc@@3P6AHHPEBDH00ZZEA 000000014001d188     MSVCRTD:userapi.obj
 0004:00000190       ?_RTC_ErrorReportFuncW@@3P6AHHPEB_WH00ZZEA 000000014001d190     MSVCRTD:userapi.obj
 0004:000001b0       GS_ExceptionRecord         000000014001d1b0     MSVCRTD:gs_report.obj
 0004:00000250       GS_ContextRecord           000000014001d250     MSVCRTD:gs_report.obj
 0004:00000848       ?is_initialized_as_dll@@3_NA 000000014001d848     MSVCRTD:utility.obj
 0004:00000849       ?module_local_atexit_table_initialized@@3_NA 000000014001d849     MSVCRTD:utility.obj
 0004:00000850       ?module_local_atexit_table@@3U_onexit_table_t@@A 000000014001d850     MSVCRTD:utility.obj
 0004:00000868       ?module_local_at_quick_exit_table@@3U_onexit_table_t@@A 000000014001d868     MSVCRTD:utility.obj
 0004:000008b8       ?mspdb@@3PEAUHINSTANCE__@@EA 000000014001d8b8     MSVCRTD:pdblkup.obj
 0004:000008c1       ?alreadyTried@?1??GetPdbDll@@YAPEAUHINSTANCE__@@XZ@4_NA 000000014001d8c1     MSVCRTD:pdblkup.obj
 0004:000008c2       ?PDBOK@?1??_RTC_GetSrcLine@@YAHPEAEPEA_WKPEAH1K@Z@4_NA 000000014001d8c2     MSVCRTD:pdblkup.obj
 0006:00000a90       .idata$6                   0000000140021a90     msvcprtd:MSVCP140D.dll
 0006:00000b78       .idata$6                   0000000140021b78     vcruntimed:VCRUNTIME140D.dll
 0006:00000dfe       .idata$6                   0000000140021dfe     ucrtd:ucrtbased.dll
 0006:00001024       .idata$6                   0000000140022024     kernel32:KERNEL32.dll
 0007:00000000       __CD417A16_concurrencysal@h 0000000140023000     Imp.obj
 0007:00000001       __18C11F8D_sal@h           0000000140023001     Imp.obj
 0007:00000002       __BD42D05E_vadefs@h        0000000140023002     Imp.obj
 0007:00000003       __2DC9DF70_vcruntime@h     0000000140023003     Imp.obj
 0007:00000004       __C9149A6D_xkeycheck@h     0000000140023004     Imp.obj
 0007:00000005       __94F3B4AE_yvals_core@h    0000000140023005     Imp.obj
 0007:00000006       __7B399007_limits@h        0000000140023006     Imp.obj
 0007:00000007       __1AB9F2C2_climits         0000000140023007     Imp.obj
 0007:00000008       __6569C2CA_corecrt@h       0000000140023008     Imp.obj
 0007:00000009       __E81B5085_vcruntime_new@h 0000000140023009     Imp.obj
 0007:0000000a       __130137D5_vcruntime_new_debug@h 000000014002300a     Imp.obj
 0007:0000000b       __49916C16_crtdbg@h        000000014002300b     Imp.obj
 0007:0000000c       __95C621C9_crtdefs@h       000000014002300c     Imp.obj
 0007:0000000d       __FEED0ABF_use_ansi@h      000000014002300d     Imp.obj
 0007:0000000e       __2816668F_yvals@h         000000014002300e     Imp.obj
 0007:0000000f       __741AE07E_corecrt_math@h  000000014002300f     Imp.obj
 0007:00000010       __91D68F2D_math@h          0000000140023010     Imp.obj
 0007:00000011       __6C20D4D3_corecrt_malloc@h 0000000140023011     Imp.obj
 0007:00000012       __C9393812_stddef@h        0000000140023012     Imp.obj
 0007:00000013       __D493B9BD_corecrt_search@h 0000000140023013     Imp.obj
 0007:00000014       __1473E23E_corecrt_wstdlib@h 0000000140023014     Imp.obj
 0007:00000015       __B49664B7_stdlib@h        0000000140023015     Imp.obj
 0007:00000016       __9E56D030_cstdlib         0000000140023016     Imp.obj
 0007:00000017       __05E338F6_xtr1common      0000000140023017     Imp.obj
 0007:00000018       __99FA516B_intrin0@inl@h   0000000140023018     Imp.obj
 0007:00000019       __8CEB98C2_intrin0@h       0000000140023019     Imp.obj
 0007:0000001a       __7A7B113A_cmath           000000014002301a     Imp.obj
 0007:0000001b       __A2143F22_corecrt_stdio_config@h 000000014002301b     Imp.obj
 0007:0000001c       __829E1958_corecrt_wstdio@h 000000014002301c     Imp.obj
 0007:0000001d       __6DFAE8B8_stdio@h         000000014002301d     Imp.obj
 0007:0000001e       __A651C215_cstdio          000000014002301e     Imp.obj
 0007:0000001f       __CDDAF8CA_errno@h         000000014002301f     Imp.obj
 0007:00000020       __6BB4896E_vcruntime_string@h 0000000140023020     Imp.obj
 0007:00000021       __1FEB9909_corecrt_memcpy_s@h 0000000140023021     Imp.obj
 0007:00000022       __A751F051_corecrt_memory@h 0000000140023022     Imp.obj
 0007:00000023       __9200769A_corecrt_wstring@h 0000000140023023     Imp.obj
 0007:00000024       __32E5F013_string@h        0000000140023024     Imp.obj
 0007:00000025       __D2C478D0_cstring         0000000140023025     Imp.obj
 0007:00000026       __C6E16F6F_corecrt_wconio@h 0000000140023026     Imp.obj
 0007:00000027       __5DB64B66_corecrt_wctype@h 0000000140023027     Imp.obj
 0007:00000028       __CB8D9B53_corecrt_wdirect@h 0000000140023028     Imp.obj
 0007:00000029       __A9063C41_corecrt_share@h 0000000140023029     Imp.obj
 0007:0000002a       __6D390390_corecrt_wio@h   000000014002302a     Imp.obj
 0007:0000002b       __61BDDCD5_corecrt_wprocess@h 000000014002302b     Imp.obj
 0007:0000002c       __1157D6BA_corecrt_wtime@h 000000014002302c     Imp.obj
 0007:0000002d       __64F617E8_types@h         000000014002302d     Imp.obj
 0007:0000002e       __1DC1E279_stat@h          000000014002302e     Imp.obj
 0007:0000002f       __93DC0B45_wchar@h         000000014002302f     Imp.obj
 0007:00000030       __3CDA1446_cwchar          0000000140023030     Imp.obj
 0007:00000031       __3B9D0A9D_cstddef         0000000140023031     Imp.obj
 0007:00000032       __D7870C25_initializer_list 0000000140023032     Imp.obj
 0007:00000033       __5E44C2A9_xstddef         0000000140023033     Imp.obj
 0007:00000034       __7F1A9170_iosfwd          0000000140023034     Imp.obj
 0007:00000035       __C54FBE38_stdint@h        0000000140023035     Imp.obj
 0007:00000036       __2308314D_cstdint         0000000140023036     Imp.obj
 0007:00000037       __87BD5CA6_type_traits     0000000140023037     Imp.obj
 0007:00000038       __A95B55BB_utility         0000000140023038     Imp.obj
 0007:00000039       __EE76B579___msvc_iter_core@hpp 0000000140023039     Imp.obj
 0007:0000003a       __A997C6C5_xutility        000000014002303a     Imp.obj
 0007:0000003b       __B83B7185_iterator        000000014002303b     Imp.obj
 0007:0000003c       __5B81F060_share@h         000000014002303c     Imp.obj
 0007:0000003d       __9D384591___msvc_system_error_abi@hpp 000000014002303d     Imp.obj
 0007:0000003e       __3B70B6EE_cerrno          000000014002303e     Imp.obj
 0007:0000003f       __20BB4341_malloc@h        000000014002303f     Imp.obj
 0007:00000040       __3C5D8049_corecrt_terminate@h 0000000140023040     Imp.obj
 0007:00000041       __510B0051_eh@h            0000000140023041     Imp.obj
 0007:00000042       __1BEF3287_vcruntime_exception@h 0000000140023042     Imp.obj
 0007:00000043       __5D994F5F_exception       0000000140023043     Imp.obj
 0007:00000044       __158E8E48_float@h         0000000140023044     Imp.obj
 0007:00000045       __D5150992_cfloat          0000000140023045     Imp.obj
 0007:00000046       __B83F831D_isa_availability@h 0000000140023046     Imp.obj
 0007:00000047       __B3F344F6_limits          0000000140023047     Imp.obj
 0007:00000048       __7E4C13A5_new             0000000140023048     Imp.obj
 0007:00000049       __5795C389_xatomic@h       0000000140023049     Imp.obj
 0007:0000004a       __C3CE3678_xmemory         000000014002304a     Imp.obj
 0007:0000004b       __B71DB0E4_xstring         000000014002304b     Imp.obj
 0007:0000004c       __D4D77502_stdexcept       000000014002304c     Imp.obj
 0007:0000004d       __D76B6AFE_xcall_once@h    000000014002304d     Imp.obj
 0007:0000004e       __80837380_xerrc@h         000000014002304e     Imp.obj
 0007:0000004f       __A0B61CF9_time@h          000000014002304f     Imp.obj
 0007:00000050       __BCC88D32_ctime           0000000140023050     Imp.obj
 0007:00000051       __1F532584_xtimec@h        0000000140023051     Imp.obj
 0007:00000052       __9FA33D0C_xthreads@h      0000000140023052     Imp.obj
 0007:00000053       __D8C61834_atomic          0000000140023053     Imp.obj
 0007:00000054       __683678DE_system_error    0000000140023054     Imp.obj
 0007:00000055       __FA9853E6_vcruntime_typeinfo@h 0000000140023055     Imp.obj
 0007:00000056       __D94835DC_typeinfo        0000000140023056     Imp.obj
 0007:00000057       __0F5D4878_memory          0000000140023057     Imp.obj
 0007:00000058       __23181F77_xfacet          0000000140023058     Imp.obj
 0007:00000059       __274043E2___msvc_xlocinfo_types@hpp 0000000140023059     Imp.obj
 0007:0000005a       __B2D2BA86_ctype@h         000000014002305a     Imp.obj
 0007:0000005b       __A99A25B2_cctype          000000014002305b     Imp.obj
 0007:0000005c       __A3D09DBA_locale@h        000000014002305c     Imp.obj
 0007:0000005d       __0DFA0CE1_clocale         000000014002305d     Imp.obj
 0007:0000005e       __C6C1D614_xlocinfo        000000014002305e     Imp.obj
 0007:0000005f       __6823C4D5_xlocale         000000014002305f     Imp.obj
 0007:00000060       __FF24A107_xiosbase        0000000140023060     Imp.obj
 0007:00000061       __D677CDBE_streambuf       0000000140023061     Imp.obj
 0007:00000062       __F6A4A2C2_xlocnum         0000000140023062     Imp.obj
 0007:00000063       __868129B3_ios             0000000140023063     Imp.obj
 0007:00000064       __7B331E11_ostream         0000000140023064     Imp.obj
 0007:00000065       __18E32B2B_istream         0000000140023065     Imp.obj
 0007:00000066       __CBEEBCDA_iostream        0000000140023066     Imp.obj
 0007:00000067       __6FFA5B91_Imp@cpp         0000000140023067     Imp.obj
 0007:0000007c       __CD417A16_concurrencysal@h 000000014002307c     Source.obj
 0007:0000007d       __18C11F8D_sal@h           000000014002307d     Source.obj
 0007:0000007e       __BD42D05E_vadefs@h        000000014002307e     Source.obj
 0007:0000007f       __2DC9DF70_vcruntime@h     000000014002307f     Source.obj
 0007:00000080       __C9149A6D_xkeycheck@h     0000000140023080     Source.obj
 0007:00000081       __94F3B4AE_yvals_core@h    0000000140023081     Source.obj
 0007:00000082       __7B399007_limits@h        0000000140023082     Source.obj
 0007:00000083       __1AB9F2C2_climits         0000000140023083     Source.obj
 0007:00000084       __6569C2CA_corecrt@h       0000000140023084     Source.obj
 0007:00000085       __E81B5085_vcruntime_new@h 0000000140023085     Source.obj
 0007:00000086       __130137D5_vcruntime_new_debug@h 0000000140023086     Source.obj
 0007:00000087       __49916C16_crtdbg@h        0000000140023087     Source.obj
 0007:00000088       __95C621C9_crtdefs@h       0000000140023088     Source.obj
 0007:00000089       __FEED0ABF_use_ansi@h      0000000140023089     Source.obj
 0007:0000008a       __2816668F_yvals@h         000000014002308a     Source.obj
 0007:0000008b       __741AE07E_corecrt_math@h  000000014002308b     Source.obj
 0007:0000008c       __91D68F2D_math@h          000000014002308c     Source.obj
 0007:0000008d       __6C20D4D3_corecrt_malloc@h 000000014002308d     Source.obj
 0007:0000008e       __C9393812_stddef@h        000000014002308e     Source.obj
 0007:0000008f       __D493B9BD_corecrt_search@h 000000014002308f     Source.obj
 0007:00000090       __1473E23E_corecrt_wstdlib@h 0000000140023090     Source.obj
 0007:00000091       __B49664B7_stdlib@h        0000000140023091     Source.obj
 0007:00000092       __9E56D030_cstdlib         0000000140023092     Source.obj
 0007:00000093       __05E338F6_xtr1common      0000000140023093     Source.obj
 0007:00000094       __99FA516B_intrin0@inl@h   0000000140023094     Source.obj
 0007:00000095       __8CEB98C2_intrin0@h       0000000140023095     Source.obj
 0007:00000096       __7A7B113A_cmath           0000000140023096     Source.obj
 0007:00000097       __A2143F22_corecrt_stdio_config@h 0000000140023097     Source.obj
 0007:00000098       __829E1958_corecrt_wstdio@h 0000000140023098     Source.obj
 0007:00000099       __6DFAE8B8_stdio@h         0000000140023099     Source.obj
 0007:0000009a       __A651C215_cstdio          000000014002309a     Source.obj
 0007:0000009b       __CDDAF8CA_errno@h         000000014002309b     Source.obj
 0007:0000009c       __6BB4896E_vcruntime_string@h 000000014002309c     Source.obj
 0007:0000009d       __1FEB9909_corecrt_memcpy_s@h 000000014002309d     Source.obj
 0007:0000009e       __A751F051_corecrt_memory@h 000000014002309e     Source.obj
 0007:0000009f       __9200769A_corecrt_wstring@h 000000014002309f     Source.obj
 0007:000000a0       __32E5F013_string@h        00000001400230a0     Source.obj
 0007:000000a1       __D2C478D0_cstring         00000001400230a1     Source.obj
 0007:000000a2       __C6E16F6F_corecrt_wconio@h 00000001400230a2     Source.obj
 0007:000000a3       __5DB64B66_corecrt_wctype@h 00000001400230a3     Source.obj
 0007:000000a4       __CB8D9B53_corecrt_wdirect@h 00000001400230a4     Source.obj
 0007:000000a5       __A9063C41_corecrt_share@h 00000001400230a5     Source.obj
 0007:000000a6       __6D390390_corecrt_wio@h   00000001400230a6     Source.obj
 0007:000000a7       __61BDDCD5_corecrt_wprocess@h 00000001400230a7     Source.obj
 0007:000000a8       __1157D6BA_corecrt_wtime@h 00000001400230a8     Source.obj
 0007:000000a9       __64F617E8_types@h         00000001400230a9     Source.obj
 0007:000000aa       __1DC1E279_stat@h          00000001400230aa     Source.obj
 0007:000000ab       __93DC0B45_wchar@h         00000001400230ab     Source.obj
 0007:000000ac       __3CDA1446_cwchar          00000001400230ac     Source.obj
 0007:000000ad       __3B9D0A9D_cstddef         00000001400230ad     Source.obj
 0007:000000ae       __D7870C25_initializer_list 00000001400230ae     Source.obj
 0007:000000af       __5E44C2A9_xstddef         00000001400230af     Source.obj
 0007:000000b0       __7F1A9170_iosfwd          00000001400230b0     Source.obj
 0007:000000b1       __C54FBE38_stdint@h        00000001400230b1     Source.obj
 0007:000000b2       __2308314D_cstdint         00000001400230b2     Source.obj
 0007:000000b3       __87BD5CA6_type_traits     00000001400230b3     Source.obj
 0007:000000b4       __A95B55BB_utility         00000001400230b4     Source.obj
 0007:000000b5       __EE76B579___msvc_iter_core@hpp 00000001400230b5     Source.obj
 0007:000000b6       __A997C6C5_xutility        00000001400230b6     Source.obj
 0007:000000b7       __B83B7185_iterator        00000001400230b7     Source.obj
 0007:000000b8       __5B81F060_share@h         00000001400230b8     Source.obj
 0007:000000b9       __9D384591___msvc_system_error_abi@hpp 00000001400230b9     Source.obj
 0007:000000ba       __3B70B6EE_cerrno          00000001400230ba     Source.obj
 0007:000000bb       __20BB4341_malloc@h        00000001400230bb     Source.obj
 0007:000000bc       __3C5D8049_corecrt_terminate@h 00000001400230bc     Source.obj
 0007:000000bd       __510B0051_eh@h            00000001400230bd     Source.obj
 0007:000000be       __1BEF3287_vcruntime_exception@h 00000001400230be     Source.obj
 0007:000000bf       __5D994F5F_exception       00000001400230bf     Source.obj
 0007:000000c0       __158E8E48_float@h         00000001400230c0     Source.obj
 0007:000000c1       __D5150992_cfloat          00000001400230c1     Source.obj
 0007:000000c2       __B83F831D_isa_availability@h 00000001400230c2     Source.obj
 0007:000000c3       __B3F344F6_limits          00000001400230c3     Source.obj
 0007:000000c4       __7E4C13A5_new             00000001400230c4     Source.obj
 0007:000000c5       __5795C389_xatomic@h       00000001400230c5     Source.obj
 0007:000000c6       __C3CE3678_xmemory         00000001400230c6     Source.obj
 0007:000000c7       __B71DB0E4_xstring         00000001400230c7     Source.obj
 0007:000000c8       __D4D77502_stdexcept       00000001400230c8     Source.obj
 0007:000000c9       __D76B6AFE_xcall_once@h    00000001400230c9     Source.obj
 0007:000000ca       __80837380_xerrc@h         00000001400230ca     Source.obj
 0007:000000cb       __A0B61CF9_time@h          00000001400230cb     Source.obj
 0007:000000cc       __BCC88D32_ctime           00000001400230cc     Source.obj
 0007:000000cd       __1F532584_xtimec@h        00000001400230cd     Source.obj
 0007:000000ce       __9FA33D0C_xthreads@h      00000001400230ce     Source.obj
 0007:000000cf       __D8C61834_atomic          00000001400230cf     Source.obj
 0007:000000d0       __683678DE_system_error    00000001400230d0     Source.obj
 0007:000000d1       __FA9853E6_vcruntime_typeinfo@h 00000001400230d1     Source.obj
 0007:000000d2       __D94835DC_typeinfo        00000001400230d2     Source.obj
 0007:000000d3       __0F5D4878_memory          00000001400230d3     Source.obj
 0007:000000d4       __23181F77_xfacet          00000001400230d4     Source.obj
 0007:000000d5       __274043E2___msvc_xlocinfo_types@hpp 00000001400230d5     Source.obj
 0007:000000d6       __B2D2BA86_ctype@h         00000001400230d6     Source.obj
 0007:000000d7       __A99A25B2_cctype          00000001400230d7     Source.obj
 0007:000000d8       __A3D09DBA_locale@h        00000001400230d8     Source.obj
 0007:000000d9       __0DFA0CE1_clocale         00000001400230d9     Source.obj
 0007:000000da       __C6C1D614_xlocinfo        00000001400230da     Source.obj
 0007:000000db       __6823C4D5_xlocale         00000001400230db     Source.obj
 0007:000000dc       __FF24A107_xiosbase        00000001400230dc     Source.obj
 0007:000000dd       __D677CDBE_streambuf       00000001400230dd     Source.obj
 0007:000000de       __F6A4A2C2_xlocnum         00000001400230de     Source.obj
 0007:000000df       __868129B3_ios             00000001400230df     Source.obj
 0007:000000e0       __7B331E11_ostream         00000001400230e0     Source.obj
 0007:000000e1       __18E32B2B_istream         00000001400230e1     Source.obj
 0007:000000e2       __CBEEBCDA_iostream        00000001400230e2     Source.obj
 0007:000000e3       __1A23F6F2_header@h        00000001400230e3     Source.obj
 0007:000000e4       __FC60E4E5_Source@cpp      00000001400230e4     Source.obj
 0009:00000170       $R000000                   0000000140025170     * linker generated manifest res *
